Component: ARM Compiler 5.06 update 6 (build 750) Tool: armlink [4d35ed]

==============================================================================

Section Cross References

    startup_stm32f407xx.o(RESET) refers to startup_stm32f407xx.o(STACK) for __initial_sp
    startup_stm32f407xx.o(RESET) refers to startup_stm32f407xx.o(.text) for Reset_Handler
    startup_stm32f407xx.o(RESET) refers to stm32f4xx_it.o(i.NMI_Handler) for NMI_Handler
    startup_stm32f407xx.o(RESET) refers to stm32f4xx_it.o(i.HardFault_Handler) for HardFault_Handler
    startup_stm32f407xx.o(RESET) refers to stm32f4xx_it.o(i.MemManage_Handler) for MemManage_Handler
    startup_stm32f407xx.o(RESET) refers to stm32f4xx_it.o(i.BusFault_Handler) for BusFault_Handler
    startup_stm32f407xx.o(RESET) refers to stm32f4xx_it.o(i.UsageFault_Handler) for UsageFault_Handler
    startup_stm32f407xx.o(RESET) refers to stm32f4xx_it.o(i.SVC_Handler) for SVC_Handler
    startup_stm32f407xx.o(RESET) refers to stm32f4xx_it.o(i.DebugMon_Handler) for DebugMon_Handler
    startup_stm32f407xx.o(RESET) refers to stm32f4xx_it.o(i.PendSV_Handler) for PendSV_Handler
    startup_stm32f407xx.o(RESET) refers to stm32f4xx_it.o(i.SysTick_Handler) for SysTick_Handler
    startup_stm32f407xx.o(RESET) refers to stm32f4xx_it.o(i.USART1_IRQHandler) for USART1_IRQHandler
    startup_stm32f407xx.o(RESET) refers to stm32f4xx_it.o(i.DMA2_Stream0_IRQHandler) for DMA2_Stream0_IRQHandler
    startup_stm32f407xx.o(.text) refers to system_stm32f4xx.o(i.SystemInit) for SystemInit
    startup_stm32f407xx.o(.text) refers to entry.o(.ARM.Collect$$$$00000000) for __main
    main.o(i.SystemClock_Config) refers to memseta.o(.text) for __aeabi_memclr4
    main.o(i.SystemClock_Config) refers to stm32f4xx_hal_rcc.o(i.HAL_RCC_OscConfig) for HAL_RCC_OscConfig
    main.o(i.SystemClock_Config) refers to stm32f4xx_hal_rcc.o(i.HAL_RCC_ClockConfig) for HAL_RCC_ClockConfig
    main.o(i.main) refers to stm32f4xx_hal.o(i.HAL_Init) for HAL_Init
    main.o(i.main) refers to main.o(i.SystemClock_Config) for SystemClock_Config
    main.o(i.main) refers to gpio.o(i.MX_GPIO_Init) for MX_GPIO_Init
    main.o(i.main) refers to dma_1.o(i.MX_DMA_Init) for MX_DMA_Init
    main.o(i.main) refers to adc.o(i.MX_ADC1_Init) for MX_ADC1_Init
    main.o(i.main) refers to tim.o(i.MX_TIM8_Init) for MX_TIM8_Init
    main.o(i.main) refers to tim.o(i.MX_TIM2_Init) for MX_TIM2_Init
    main.o(i.main) refers to tim.o(i.MX_TIM3_Init) for MX_TIM3_Init
    main.o(i.main) refers to tim.o(i.MX_TIM4_Init) for MX_TIM4_Init
    main.o(i.main) refers to usart.o(i.MX_USART1_UART_Init) for MX_USART1_UART_Init
    main.o(i.main) refers to tim.o(i.MX_TIM1_Init) for MX_TIM1_Init
    main.o(i.main) refers to protocol.o(i.protocol_init) for protocol_init
    main.o(i.main) refers to magneticsensori2c.o(i.IIC_Init) for IIC_Init
    main.o(i.main) refers to magneticsensori2c2.o(i.IIC2_Init) for IIC2_Init
    main.o(i.main) refers to stm32f4xx_hal_adc.o(i.HAL_ADC_Start) for HAL_ADC_Start
    main.o(i.main) refers to stm32f4xx_hal_adc.o(i.HAL_ADC_Start_DMA) for HAL_ADC_Start_DMA
    main.o(i.main) refers to lowpass_filter.o(i.LPF_init) for LPF_init
    main.o(i.main) refers to lowpass_filter.o(i.LPF_init2) for LPF_init2
    main.o(i.main) refers to pid.o(i.PID_init) for PID_init
    main.o(i.main) refers to pid.o(i.PID_init2) for PID_init2
    main.o(i.main) refers to inlinecurrentsense.o(i.InlineCurrentSense) for InlineCurrentSense
    main.o(i.main) refers to inlinecurrentsense.o(i.InlineCurrentSense2) for InlineCurrentSense2
    main.o(i.main) refers to bldcmotor.o(i.Motor_init) for Motor_init
    main.o(i.main) refers to mydelay.o(i.my_delay_ms) for my_delay_ms
    main.o(i.main) refers to bldcmotor.o(i.Motor_initFOC) for Motor_initFOC
    main.o(i.main) refers to inlinecurrentsense.o(i.Current_calibrateOffsets) for Current_calibrateOffsets
    main.o(i.main) refers to bldcmotor.o(i.Motor_init2) for Motor_init2
    main.o(i.main) refers to bldcmotor.o(i.Motor_initFOC2) for Motor_initFOC2
    main.o(i.main) refers to inlinecurrentsense.o(i.Current_calibrateOffsets2) for Current_calibrateOffsets2
    main.o(i.main) refers to bldcmotor.o(i.move_torque1) for move_torque1
    main.o(i.main) refers to bldcmotor.o(i.move_torque2) for move_torque2
    main.o(i.main) refers to bldcmotor.o(i.loopFOCtest) for loopFOCtest
    main.o(i.main) refers to bldcmotor.o(i.loopFOCtest_second) for loopFOCtest_second
    main.o(i.main) refers to focmotor.o(i.shaftVelocity) for shaftVelocity
    main.o(i.main) refers to magneticsensori2c.o(i.getAngle) for getAngle
    main.o(i.main) refers to main.o(.data) for .data
    main.o(i.main) refers to tim.o(.bss) for htim4
    main.o(i.main) refers to adc.o(.bss) for hadc1
    main.o(i.main) refers to adc.o(.data) for adc_buff
    gpio.o(i.MX_GPIO_Init) refers to memseta.o(.text) for __aeabi_memclr4
    gpio.o(i.MX_GPIO_Init) refers to stm32f4xx_hal_gpio.o(i.HAL_GPIO_WritePin) for HAL_GPIO_WritePin
[...]
    i.USART1_IRQHandler                      0x08003f94   Section        0  stm32f4xx_it.o(i.USART1_IRQHandler)
    i.UsageFault_Handler                     0x08003fb4   Section        0  stm32f4xx_it.o(i.UsageFault_Handler)
    i.__0printf                              0x08003fb8   Section        0  printfa.o(i.__0printf)
    i.__ARM_fpclassify                       0x08003fd8   Section        0  fpclassify.o(i.__ARM_fpclassify)
    i.__NVIC_SetPriority                     0x08004008   Section        0  stm32f4xx_hal_cortex.o(i.__NVIC_SetPriority)
    __NVIC_SetPriority                       0x08004009   Thumb Code    32  stm32f4xx_hal_cortex.o(i.__NVIC_SetPriority)
    i.__hardfp_atan                          0x08004028   Section        0  atan.o(i.__hardfp_atan)
    i.__hardfp_atan2                         0x08004300   Section        0  atan2.o(i.__hardfp_atan2)
    i.__hardfp_fabs                          0x080044f0   Section        0  fabs.o(i.__hardfp_fabs)
    i.__hardfp_fmod                          0x08004504   Section        0  fmod.o(i.__hardfp_fmod)
    i.__kernel_poly                          0x08004608   Section        0  poly.o(i.__kernel_poly)
    i.__mathlib_dbl_infnan                   0x08004700   Section        0  dunder.o(i.__mathlib_dbl_infnan)
    i.__mathlib_dbl_infnan2                  0x08004714   Section        0  dunder.o(i.__mathlib_dbl_infnan2)
    i.__mathlib_dbl_invalid                  0x08004728   Section        0  dunder.o(i.__mathlib_dbl_invalid)
    i.__mathlib_dbl_underflow                0x08004748   Section        0  dunder.o(i.__mathlib_dbl_underflow)
    i.__scatterload_copy                     0x08004768   Section       14  handlers.o(i.__scatterload_copy)
    i.__scatterload_null                     0x08004776   Section        2  handlers.o(i.__scatterload_null)
    i.__scatterload_zeroinit                 0x08004778   Section       14  handlers.o(i.__scatterload_zeroinit)
    i.__set_errno                            0x08004788   Section        0  errno.o(i.__set_errno)
    i._electricalAngle                       0x08004794   Section        0  foc_utils.o(i._electricalAngle)
    i._fp_digits                             0x080047a4   Section        0  printfa.o(i._fp_digits)
    _fp_digits                               0x080047a5   Thumb Code   366  printfa.o(i._fp_digits)
    i._normalizeAngle                        0x08004928   Section        0  foc_utils.o(i._normalizeAngle)
    i._printf_core                           0x0800496c   Section        0  printfa.o(i._printf_core)
    _printf_core                             0x0800496d   Thumb Code  1744  printfa.o(i._printf_core)
    i._printf_post_padding                   0x08005048   Section        0  printfa.o(i._printf_post_padding)
    _printf_post_padding                     0x08005049   Thumb Code    36  printfa.o(i._printf_post_padding)
    i._printf_pre_padding                    0x0800506c   Section        0  printfa.o(i._printf_pre_padding)
    _printf_pre_padding                      0x0800506d   Thumb Code    46  printfa.o(i._printf_pre_padding)
    i._sqrtApprox                            0x0800509c   Section        0  foc_utils.o(i._sqrtApprox)
    i.alignSensor                            0x080050b4   Section        0  bldcmotor.o(i.alignSensor)
    i.alignSensor2                           0x08005454   Section        0  bldcmotor.o(i.alignSensor2)
    i.arm_cos_f32                            0x080057dc   Section        0  arm_cos_f32.o(i.arm_cos_f32)
    i.arm_sin_f32                            0x08005854   Section        0  arm_sin_f32.o(i.arm_sin_f32)
    i.atan                                   0x080058e0   Section        0  atan.o(i.atan)
    i.electricalAngle                        0x080058f0   Section        0  focmotor.o(i.electricalAngle)
    i.electricalAngle2                       0x0800591c   Section        0  focmotor.o(i.electricalAngle2)
    i.fabs                                   0x08005948   Section        0  fabs.o(i.fabs)
    i.fputc                                  0x08005960   Section        0  usart.o(i.fputc)
    i.getAngle                               0x08005978   Section        0  magneticsensori2c.o(i.getAngle)
    i.getAngle2                              0x08005a20   Section        0  magneticsensori2c2.o(i.getAngle2)
    i.getFOCCurrents                         0x08005ad0   Section        0  currentsense.o(i.getFOCCurrents)
    i.getFOCCurrents2                        0x08005b38   Section        0  currentsense.o(i.getFOCCurrents2)
    i.getPhaseCurrents                       0x08005ba0   Section        0  inlinecurrentsense.o(i.getPhaseCurrents)
    i.getPhaseCurrents2                      0x08005bf8   Section        0  inlinecurrentsense.o(i.getPhaseCurrents2)
    i.getVelocity                            0x08005c50   Section        0  magneticsensori2c.o(i.getVelocity)
    i.getVelocity2                           0x08005cc8   Section        0  magneticsensori2c2.o(i.getVelocity2)
    i.loopFOCtest                            0x08005d40   Section        0  bldcmotor.o(i.loopFOCtest)
    i.loopFOCtest_second                     0x08005db8   Section        0  bldcmotor.o(i.loopFOCtest_second)
    i.main                                   0x08005e38   Section        0  main.o(i.main)
    i.move_torque1                           0x08005f94   Section        0  bldcmotor.o(i.move_torque1)
    i.move_torque2                           0x08005fc0   Section        0  bldcmotor.o(i.move_torque2)
    i.my_delay_ms                            0x08005fec   Section        0  mydelay.o(i.my_delay_ms)
    i.my_delay_us                            0x08006030   Section        0  mydelay.o(i.my_delay_us)
    i.protocol_data_recv                     0x08006074   Section        0  protocol.o(i.protocol_data_recv)
    i.protocol_init                          0x080060cc   Section        0  protocol.o(i.protocol_init)
    i.setPhaseVoltage                        0x080060e4   Section        0  bldcmotor.o(i.setPhaseVoltage)
    i.setPhaseVoltage2                       0x08006398   Section        0  bldcmotor.o(i.setPhaseVoltage2)
    i.shaftAngle                             0x0800664c   Section        0  focmotor.o(i.shaftAngle)
    i.shaftAngle2                            0x08006674   Section        0  focmotor.o(i.shaftAngle2)
    i.shaftVelocity                          0x0800669c   Section        0  focmotor.o(i.shaftVelocity)
    i.shaftVelocity2                         0x080066c0   Section        0  focmotor.o(i.shaftVelocity2)
    .constdata                               0x080066e4   Section        8  stm32f4xx_hal_dma.o(.constdata)
    flagBitshiftOffset                       0x080066e4   Data           8  stm32f4xx_hal_dma.o(.constdata)
    .constdata                               0x080066ec   Section       16  system_stm32f4xx.o(.constdata)
    .constdata                               0x080066fc   Section        8  system_stm32f4xx.o(.constdata)
    .constdata                               0x08006704   Section     2052  arm_common_tables.o(.constdata)
    .constdata                               0x08006f08   Section      152  atan.o(.constdata)
    atanhi                                   0x08006f08   Data          32  atan.o(.constdata)
    atanlo                                   0x08006f28   Data          32  atan.o(.constdata)
    aTodd                                    0x08006f48   Data          40  atan.o(.constdata)
    aTeven                                   0x08006f70   Data          48  atan.o(.constdata)
    .constdata                               0x08006fa0   Section        8  qnan.o(.constdata)
    .data                                    0x20000000   Section        4  main.o(.data)
    .data                                    0x20000004   Section       48  main.o(.data)
    .data                                    0x20000034   Section        4  main.o(.data)
    .data                                    0x20000038   Section        4  main.o(.data)
    .data                                    0x2000003c   Section       24  adc.o(.data)
    .data                                    0x20000054   Section        4  adc.o(.data)
    .data                                    0x20000058   Section        4  adc.o(.data)
    .data                                    0x2000005c   Section       12  stm32f4xx_hal.o(.data)
    .data                                    0x20000068   Section        4  system_stm32f4xx.o(.data)
    .data                                    0x2000006c   Section       12  bldcmotor.o(.data)
    .data                                    0x20000078   Section       20  focmotor.o(.data)
    .data                                    0x2000008c   Section        4  focmotor.o(.data)
    .data                                    0x20000090   Section        4  focmotor.o(.data)
    .data                                    0x20000094   Section        4  focmotor.o(.data)
    .data                                    0x20000098   Section        4  focmotor.o(.data)
    .data                                    0x2000009c   Section        4  focmotor.o(.data)
    .data                                    0x200000a0   Section        4  focmotor.o(.data)
    .data                                    0x200000a4   Section        8  focmotor.o(.data)
    .data                                    0x200000ac   Section        8  focmotor.o(.data)
    .data                                    0x200000b4   Section        8  focmotor.o(.data)
    .data                                    0x200000bc   Section        4  focmotor.o(.data)
    .data                                    0x200000c0   Section       60  inlinecurrentsense.o(.data)
    .data                                    0x200000fc   Section       24  magneticsensori2c.o(.data)
    .data                                    0x20000114   Section       16  pid.o(.data)
    .data                                    0x20000124   Section       16  magneticsensori2c2.o(.data)
    .data                                    0x20000134   Section        4  stdout.o(.data)
    .data                                    0x20000138   Section        4  errno.o(.data)
    _errno                                   0x20000138   Data           4  errno.o(.data)
    .bss                                     0x2000013c   Section      168  adc.o(.bss)
    .bss                                     0x200001e4   Section      320  tim.o(.bss)
    .bss                                     0x20000324   Section       64  usart.o(.bss)
    .bss                                     0x20000364   Section       24  currentsense.o(.bss)
    .bss                                     0x2000037c   Section       24  inlinecurrentsense.o(.bss)
    .bss                                     0x20000394   Section       72  lowpass_filter.o(.bss)
    .bss                                     0x200003dc   Section      320  pid.o(.bss)
    .bss                                     0x2000051c   Section      280  protocol.o(.bss)
    set_packet                               0x2000051c   Data          10  protocol.o(.bss)
    parser                                   0x20000528   Data          12  protocol.o(.bss)
    recv_buf                                 0x20000534   Data         128  protocol.o(.bss)
    STACK                                    0x20000638   Section     1024  startup_stm32f407xx.o(STACK)

    Global Symbols

    Symbol Name                              Value     Ov Type        Size  Object(Section)

    BuildAttributes$$THM_ISAv4$E$P$D$K$B$S$7EM$VFPi3$EXTD16$VFPS$VFMA$PE$A:L22UL41UL21$X:L11$S22US41US21$IEEE1$IW$USESV6$~STKCKD$USESV7$~SHL$OTIME$ROPI$IEEEX$EBA8$MICROLIB$REQ8$PRES8$EABIv2 0x00000000   Number         0  anon$$obj.o ABSOLUTE
    __ARM_use_no_argv                        0x00000000   Number         0  main.o ABSOLUTE
    _printf_a                                0x00000000   Number         0  stubs.o ABSOLUTE
    _printf_c                                0x00000000   Number         0  stubs.o ABSOLUTE
    _printf_charcount                        0x00000000   Number         0  stubs.o ABSOLUTE
    _printf_d                                0x00000000   Number         0  stubs.o ABSOLUTE
    _printf_e                                0x00000000   Number         0  stubs.o ABSOLUTE
    _printf_f                                0x00000000   Number         0  stubs.o ABSOLUTE
    _printf_flags                            0x00000000   Number         0  stubs.o ABSOLUTE
    _printf_fp_dec                           0x00000000   Number         0  stubs.o ABSOLUTE
    _printf_fp_hex                           0x00000000   Number         0  stubs.o ABSOLUTE
    _printf_g                                0x00000000   Number         0  stubs.o ABSOLUTE
    _printf_i                                0x00000000   Number         0  stubs.o ABSOLUTE
    _printf_int_dec                          0x00000000   Number         0  stubs.o ABSOLUTE
    _printf_l                                0x00000000   Number         0  stubs.o ABSOLUTE
    _printf_lc                               0x00000000   Number         0  stubs.o ABSOLUTE
    _printf_ll                               0x00000000   Number         0  stubs.o ABSOLUTE
    _printf_lld                              0x00000000   Number         0  stubs.o ABSOLUTE
    _printf_lli                              0x00000000   Number         0  stubs.o ABSOLUTE
    _printf_llo                              0x00000000   Number         0  stubs.o ABSOLUTE
    _printf_llu                              0x00000000   Number         0  stubs.o ABSOLUTE
    _printf_llx                              0x00000000   Number         0  stubs.o ABSOLUTE
    _printf_longlong_dec                     0x00000000   Number         0  stubs.o ABSOLUTE
    _printf_longlong_hex                     0x00000000   Number         0  stubs.o ABSOLUTE
    _printf_longlong_oct                     0x00000000   Number         0  stubs.o ABSOLUTE
    _printf_ls                               0x00000000   Number         0  stubs.o ABSOLUTE
    _printf_mbtowc                           0x00000000   Number         0  stubs.o ABSOLUTE
    _printf_n                                0x00000000   Number         0  stubs.o ABSOLUTE
    _printf_o                                0x00000000   Number         0  stubs.o ABSOLUTE
    _printf_p                                0x00000000   Number         0  stubs.o ABSOLUTE
    _printf_percent                          0x00000000   Number         0  stubs.o ABSOLUTE
    _printf_pre_padding                      0x00000000   Number         0  stubs.o ABSOLUTE
    _printf_return_value                     0x00000000   Number         0  stubs.o ABSOLUTE
    _printf_s                                0x00000000   Number         0  stubs.o ABSOLUTE
    _printf_sizespec                         0x00000000   Number         0  stubs.o ABSOLUTE
    _printf_str                              0x00000000   Number         0  stubs.o ABSOLUTE
    _printf_truncate_signed                  0x00000000   Number         0  stubs.o ABSOLUTE
    _printf_truncate_unsigned                0x00000000   Number         0  stubs.o ABSOLUTE
    _printf_u                                0x00000000   Number         0  stubs.o ABSOLUTE
    _printf_wc                               0x00000000   Number         0  stubs.o ABSOLUTE
    _printf_wctomb                           0x00000000   Number         0  stubs.o ABSOLUTE
    _printf_widthprec                        0x00000000   Number         0  stubs.o ABSOLUTE
    _printf_x                                0x00000000   Number         0  stubs.o ABSOLUTE
    __cpp_initialize__aeabi_                  - Undefined Weak Reference
    __cxa_finalize                            - Undefined Weak Reference
    _clock_init                               - Undefined Weak Reference
    _microlib_exit                            - Undefined Weak Reference
    __Vectors_Size                           0x00000188   Number         0  startup_stm32f407xx.o ABSOLUTE
    __Vectors                                0x08000000   Data           4  startup_stm32f407xx.o(RESET)
    __Vectors_End                            0x08000188   Data           0  startup_stm32f407xx.o(RESET)
    __main                                   0x08000189   Thumb Code     0  entry.o(.ARM.Collect$$$$00000000)
    _main_stk                                0x08000189   Thumb Code     0  entry2.o(.ARM.Collect$$$$00000001)
    _main_scatterload                        0x0800018d   Thumb Code     0  entry5.o(.ARM.Collect$$$$00000004)
    __main_after_scatterload                 0x08000191   Thumb Code     0  entry5.o(.ARM.Collect$$$$00000004)
    _main_clock                              0x08000191   Thumb Code     0  entry7b.o(.ARM.Collect$$$$00000008)
    _main_cpp_init                           0x08000191   Thumb Code     0  entry8b.o(.ARM.Collect$$$$0000000A)
    _main_init                               0x08000191   Thumb Code     0  entry9a.o(.ARM.Collect$$$$0000000B)
    __rt_final_cpp                           0x08000199   Thumb Code     0  entry10a.o(.ARM.Collect$$$$0000000D)
    __rt_final_exit                          0x08000199   Thumb Code     0  entry11a.o(.ARM.Collect$$$$0000000F)
    Reset_Handler                            0x0800019d   Thumb Code     8  startup_stm32f407xx.o(.text)
    ADC_IRQHandler                           0x080001b7   Thumb Code     0  startup_stm32f407xx.o(.text)
    CAN1_RX0_IRQHandler                      0x080001b7   Thumb Code     0  startup_stm32f407xx.o(.text)
    CAN1_RX1_IRQHandler                      0x080001b7   Thumb Code     0  startup_stm32f407xx.o(.text)
    CAN1_SCE_IRQHandler                      0x080001b7   Thumb Code     0  startup_stm32f407xx.o(.text)
    CAN1_TX_IRQHandler                       0x080001b7   Thumb Code     0  startup_stm32f407xx.o(.text)
    CAN2_RX0_IRQHandler                      0x080001b7   Thumb Code     0  startup_stm32f407xx.o(.text)
    CAN2_RX1_IRQHandler                      0x080001b7   Thumb Code     0  startup_stm32f407xx.o(.text)
    CAN2_SCE_IRQHandler                      0x080001b7   Thumb Code     0  startup_stm32f407xx.o(.text)
    CAN2_TX_IRQHandler                       0x080001b7   Thumb Code     0  startup_stm32f407xx.o(.text)
    DCMI_IRQHandler                          0x080001b7   Thumb Code     0  startup_stm32f407xx.o(.text)
    DMA1_Stream0_IRQHandler                  0x080001b7   Thumb Code     0  startup_stm32f407xx.o(.text)
    DMA1_Stream1_IRQHandler                  0x080001b7   Thumb Code     0  startup_stm32f407xx.o(.text)
    DMA1_Stream2_IRQHandler                  0x080001b7   Thumb Code     0  startup_stm32f407xx.o(.text)
    DMA1_Stream3_IRQHandler                  0x080001b7   Thumb Code     0  startup_stm32f407xx.o(.text)
    DMA1_Stream4_IRQHandler                  0x080001b7   Thumb Code     0  startup_stm32f407xx.o(.text)
    DMA1_Stream5_IRQHandler                  0x080001b7   Thumb Code     0  startup_stm32f407xx.o(.text)
    DMA1_Stream6_IRQHandler                  0x080001b7   Thumb Code     0  startup_stm32f407xx.o(.text)
    DMA1_Stream7_IRQHandler                  0x080001b7   Thumb Code     0  startup_stm32f407xx.o(.text)
    DMA2_Stream1_IRQHandler                  0x080001b7   Thumb Code     0  startup_stm32f407xx.o(.text)
    DMA2_Stream2_IRQHandler                  0x080001b7   Thumb Code     0  startup_stm32f407xx.o(.text)
    DMA2_Stream3_IRQHandler                  0x080001b7   Thumb Code     0  startup_stm32f407xx.o(.text)
    DMA2_Stream4_IRQHandler                  0x080001b7   Thumb Code     0  startup_stm32f407xx.o(.text)
    DMA2_Stream5_IRQHandler                  0x080001b7   Thumb Code     0  startup_stm32f407xx.o(.text)
    DMA2_Stream6_IRQHandler                  0x080001b7   Thumb Code     0  startup_stm32f407xx.o(.text)
    DMA2_Stream7_IRQHandler                  0x080001b7   Thumb Code     0  startup_stm32f407xx.o(.text)
    ETH_IRQHandler                           0x080001b7   Thumb Code     0  startup_stm32f407xx.o(.text)
    ETH_WKUP_IRQHandler                      0x080001b7   Thumb Code     0  startup_stm32f407xx.o(.text)
    EXTI0_IRQHandler                         0x080001b7   Thumb Code     0  startup_stm32f407xx.o(.text)
    EXTI15_10_IRQHandler                     0x080001b7   Thumb Code     0  startup_stm32f407xx.o(.text)
    EXTI1_IRQHandler                         0x080001b7   Thumb Code     0  startup_stm32f407xx.o(.text)
    EXTI2_IRQHandler                         0x080001b7   Thumb Code     0  startup_stm32f407xx.o(.text)
    EXTI3_IRQHandler                         0x080001b7   Thumb Code     0  startup_stm32f407xx.o(.text)
    EXTI4_IRQHandler                         0x080001b7   Thumb Code     0  startup_stm32f407xx.o(.text)
    EXTI9_5_IRQHandler                       0x080001b7   Thumb Code     0  startup_stm32f407xx.o(.text)
    FLASH_IRQHandler                         0x080001b7   Thumb Code     0  startup_stm32f407xx.o(.text)
    FMC_IRQHandler                           0x080001b7   Thumb Code     0  startup_stm32f407xx.o(.text)
    FPU_IRQHandler                           0x080001b7   Thumb Code     0  startup_stm32f407xx.o(.text)
    HASH_RNG_IRQHandler                      0x080001b7   Thumb Code     0  startup_stm32f407xx.o(.text)
    I2C1_ER_IRQHandler                       0x080001b7   Thumb Code     0  startup_stm32f407xx.o(.text)
    I2C1_EV_IRQHandler                       0x080001b7   Thumb Code     0  startup_stm32f407xx.o(.text)
    I2C2_ER_IRQHandler                       0x080001b7   Thumb Code     0  startup_stm32f407xx.o(.text)
    I2C2_EV_IRQHandler                       0x080001b7   Thumb Code     0  startup_stm32f407xx.o(.text)
    I2C3_ER_IRQHandler                       0x080001b7   Thumb Code     0  startup_stm32f407xx.o(.text)
    I2C3_EV_IRQHandler                       0x080001b7   Thumb Code     0  startup_stm32f407xx.o(.text)
    OTG_FS_IRQHandler                        0x080001b7   Thumb Code     0  startup_stm32f407xx.o(.text)
    OTG_FS_WKUP_IRQHandler                   0x080001b7   Thumb Code     0  startup_stm32f407xx.o(.text)
    OTG_HS_EP1_IN_IRQHandler                 0x080001b7   Thumb Code     0  startup_stm32f407xx.o(.text)
    OTG_HS_EP1_OUT_IRQHandler                0x080001b7   Thumb Code     0  startup_stm32f407xx.o(.text)
    OTG_HS_IRQHandler                        0x080001b7   Thumb Code     0  startup_stm32f407xx.o(.text)
    OTG_HS_WKUP_IRQHandler                   0x080001b7   Thumb Code     0  startup_stm32f407xx.o(.text)
    PVD_IRQHandler                           0x080001b7   Thumb Code     0  startup_stm32f407xx.o(.text)
    RCC_IRQHandler                           0x080001b7   Thumb Code     0  startup_stm32f407xx.o(.text)
    RTC_Alarm_IRQHandler                     0x080001b7   Thumb Code     0  startup_stm32f407xx.o(.text)
    RTC_WKUP_IRQHandler                      0x080001b7   Thumb Code     0  startup_stm32f407xx.o(.text)
    SDIO_IRQHandler                          0x080001b7   Thumb Code     0  startup_stm32f407xx.o(.text)
    SPI1_IRQHandler                          0x080001b7   Thumb Code     0  startup_stm32f407xx.o(.text)
    SPI2_IRQHandler                          0x080001b7   Thumb Code     0  startup_stm32f407xx.o(.text)
    SPI3_IRQHandler                          0x080001b7   Thumb Code     0  startup_stm32f407xx.o(.text)
    TAMP_STAMP_IRQHandler                    0x080001b7   Thumb Code     0  startup_stm32f407xx.o(.text)
    TIM1_BRK_TIM9_IRQHandler                 0x080001b7   Thumb Code     0  startup_stm32f407xx.o(.text)
    TIM1_CC_IRQHandler                       0x080001b7   Thumb Code     0  startup_stm32f407xx.o(.text)
    TIM1_TRG_COM_TIM11_IRQHandler            0x080001b7   Thumb Code     0  startup_stm32f407xx.o(.text)
    TIM1_UP_TIM10_IRQHandler                 0x080001b7   Thumb Code     0  startup_stm32f407xx.o(.text)
    TIM2_IRQHandler                          0x080001b7   Thumb Code     0  startup_stm32f407xx.o(.text)
    TIM3_IRQHandler                          0x080001b7   Thumb Code     0  startup_stm32f407xx.o(.text)
    TIM4_IRQHandler                          0x080001b7   Thumb Code     0  startup_stm32f407xx.o(.text)
    TIM5_IRQHandler                          0x080001b7   Thumb Code     0  startup_stm32f407xx.o(.text)
    TIM6_DAC_IRQHandler                      0x080001b7   Thumb Code     0  startup_stm32f407xx.o(.text)
    TIM7_IRQHandler                          0x080001b7   Thumb Code     0  startup_stm32f407xx.o(.text)
    TIM8_BRK_TIM12_IRQHandler                0x080001b7   Thumb Code     0  startup_stm32f407xx.o(.text)
    TIM8_CC_IRQHandler                       0x080001b7   Thumb Code     0  startup_stm32f407xx.o(.text)
    TIM8_TRG_COM_TIM14_IRQHandler            0x080001b7   Thumb Code     0  startup_stm32f407xx.o(.text)
    TIM8_UP_TIM13_IRQHandler                 0x080001b7   Thumb Code     0  startup_stm32f407xx.o(.text)
    UART4_IRQHandler                         0x080001b7   Thumb Code     0  startup_stm32f407xx.o(.text)
    UART5_IRQHandler                         0x080001b7   Thumb Code     0  startup_stm32f407xx.o(.text)
    USART2_IRQHandler                        0x080001b7   Thumb Code     0  startup_stm32f407xx.o(.text)
    USART3_IRQHandler                        0x080001b7   Thumb Code     0  startup_stm32f407xx.o(.text)
    USART6_IRQHandler                        0x080001b7   Thumb Code     0  startup_stm32f407xx.o(.text)
    WWDG_IRQHandler                          0x080001b7   Thumb Code     0  startup_stm32f407xx.o(.text)
    __aeabi_uldivmod                         0x080001c1   Thumb Code    98  uldiv.o(.text)
    __aeabi_memcpy                           0x08000223   Thumb Code    36  memcpya.o(.text)
    __aeabi_memcpy4                          0x08000223   Thumb Code     0  memcpya.o(.text)
    __aeabi_memcpy8                          0x08000223   Thumb Code     0  memcpya.o(.text)
    __aeabi_memset                           0x08000247   Thumb Code    14  memseta.o(.text)
    __aeabi_memset4                          0x08000247   Thumb Code     0  memseta.o(.text)
    __aeabi_memset8                          0x08000247   Thumb Code     0  memseta.o(.text)
    __aeabi_memclr                           0x08000255   Thumb Code     4  memseta.o(.text)
    __aeabi_memclr4                          0x08000255   Thumb Code     0  memseta.o(.text)
    __aeabi_memclr8                          0x08000255   Thumb Code     0  memseta.o(.text)
    _memset$wrapper                          0x08000259   Thumb Code    18  memseta.o(.text)
    __aeabi_dadd                             0x0800026b   Thumb Code   322  dadd.o(.text)
    __aeabi_dsub                             0x080003ad   Thumb Code     6  dadd.o(.text)
    __aeabi_drsub                            0x080003b3   Thumb Code     6  dadd.o(.text)
    __aeabi_dmul                             0x080003b9   Thumb Code   228  dmul.o(.text)
    __aeabi_i2d                              0x0800049d   Thumb Code    34  dflti.o(.text)
    __aeabi_ui2d                             0x080004bf   Thumb Code    26  dfltui.o(.text)
    __aeabi_f2d                              0x080004d9   Thumb Code    38  f2d.o(.text)
    __aeabi_cdrcmple                         0x08000501   Thumb Code    48  cdrcmple.o(.text)
    __aeabi_d2f                              0x08000531   Thumb Code    56  d2f.o(.text)
    __aeabi_uidiv                            0x08000569   Thumb Code     0  uidiv.o(.text)
    __aeabi_uidivmod                         0x08000569   Thumb Code    44  uidiv.o(.text)
    __aeabi_llsl                             0x08000595   Thumb Code    30  llshl.o(.text)
    _ll_shift_l                              0x08000595   Thumb Code     0  llshl.o(.text)
    __aeabi_llsr                             0x080005b3   Thumb Code    32  llushr.o(.text)
    _ll_ushift_r                             0x080005b3   Thumb Code     0  llushr.o(.text)
    __aeabi_lasr                             0x080005d3   Thumb Code    36  llsshr.o(.text)
    _ll_sshift_r                             0x080005d3   Thumb Code     0  llsshr.o(.text)
    __I$use$fp                               0x080005f7   Thumb Code     0  iusefp.o(.text)
    _float_round                             0x080005f7   Thumb Code    18  fepilogue.o(.text)
    _float_epilogue                          0x08000609   Thumb Code    92  fepilogue.o(.text)
    _double_round                            0x08000665   Thumb Code    30  depilogue.o(.text)
    _double_epilogue                         0x08000683   Thumb Code   156  depilogue.o(.text)
    __aeabi_ddiv                             0x0800071f   Thumb Code   222  ddiv.o(.text)
    _drem                                    0x080007fd   Thumb Code   134  drem.o(.text)
    __aeabi_d2ulz                            0x08000883   Thumb Code    48  dfixul.o(.text)
    __scatterload                            0x080008b5   Thumb Code    28  init.o(.text)
    __scatterload_rt2                        0x080008b5   Thumb Code     0  init.o(.text)
    __decompress                             0x080008d9   Thumb Code     0  __dczerorl.o(.text)
    __decompress0                            0x080008d9   Thumb Code    58  __dczerorl.o(.text)
    AS5600_ReadRawAngle                      0x08000ac9   Thumb Code    76  magneticsensori2c.o(i.AS5600_ReadRawAngle)
    AS5600_ReadRawAngle2                     0x08000b15   Thumb Code    76  magneticsensori2c2.o(i.AS5600_ReadRawAngle2)
    BusFault_Handler                         0x08000b61   Thumb Code     2  stm32f4xx_it.o(i.BusFault_Handler)
    Current_calibrateOffsets                 0x08000b65   Thumb Code   204  inlinecurrentsense.o(i.Current_calibrateOffsets)
    Current_calibrateOffsets2                0x08000c79   Thumb Code   204  inlinecurrentsense.o(i.Current_calibrateOffsets2)
    DMA2_Stream0_IRQHandler                  0x08000d91   Thumb Code     6  stm32f4xx_it.o(i.DMA2_Stream0_IRQHandler)
    DebugMon_Handler                         0x08000e41   Thumb Code     2  stm32f4xx_it.o(i.DebugMon_Handler)
    Error_Handler                            0x08000e43   Thumb Code     2  main.o(i.Error_Handler)
    HAL_ADC_ConfigChannel                    0x08000e45   Thumb Code   316  stm32f4xx_hal_adc.o(i.HAL_ADC_ConfigChannel)
    HAL_ADC_ConvCpltCallback                 0x08000f91   Thumb Code   130  adc.o(i.HAL_ADC_ConvCpltCallback)
    HAL_ADC_ConvHalfCpltCallback             0x08001021   Thumb Code     2  stm32f4xx_hal_adc.o(i.HAL_ADC_ConvHalfCpltCallback)
    HAL_ADC_ErrorCallback                    0x08001023   Thumb Code     2  stm32f4xx_hal_adc.o(i.HAL_ADC_ErrorCallback)
    HAL_ADC_Init                             0x08001025   Thumb Code    84  stm32f4xx_hal_adc.o(i.HAL_ADC_Init)
    HAL_ADC_MspInit                          0x08001079   Thumb Code   160  adc.o(i.HAL_ADC_MspInit)
    HAL_ADC_Start                            0x08001131   Thumb Code   210  stm32f4xx_hal_adc.o(i.HAL_ADC_Start)
    HAL_ADC_Start_DMA                        0x0800121d   Thumb Code   268  stm32f4xx_hal_adc.o(i.HAL_ADC_Start_DMA)
    HAL_ADC_Stop_DMA                         0x0800134d   Thumb Code    88  stm32f4xx_hal_adc.o(i.HAL_ADC_Stop_DMA)
    HAL_DMA_Abort                            0x080013a5   Thumb Code   142  stm32f4xx_hal_dma.o(i.HAL_DMA_Abort)
    HAL_DMA_Abort_IT                         0x08001433   Thumb Code    36  stm32f4xx_hal_dma.o(i.HAL_DMA_Abort_IT)
    HAL_DMA_IRQHandler                       0x08001459   Thumb Code   412  stm32f4xx_hal_dma.o(i.HAL_DMA_IRQHandler)
    HAL_DMA_Init                             0x080015f9   Thumb Code   206  stm32f4xx_hal_dma.o(i.HAL_DMA_Init)
    HAL_DMA_Start_IT                         0x080016cd   Thumb Code   110  stm32f4xx_hal_dma.o(i.HAL_DMA_Start_IT)
    HAL_GPIO_Init                            0x0800173d   Thumb Code   394  stm32f4xx_hal_gpio.o(i.HAL_GPIO_Init)
    HAL_GPIO_ReadPin                         0x080018f5   Thumb Code    10  stm32f4xx_hal_gpio.o(i.HAL_GPIO_ReadPin)
    HAL_GPIO_WritePin                        0x080018ff   Thumb Code    10  stm32f4xx_hal_gpio.o(i.HAL_GPIO_WritePin)
    HAL_GetTick                              0x08001909   Thumb Code     6  stm32f4xx_hal.o(i.HAL_GetTick)
    HAL_IncTick                              0x08001915   Thumb Code    12  stm32f4xx_hal.o(i.HAL_IncTick)
    HAL_Init                                 0x08001925   Thumb Code    48  stm32f4xx_hal.o(i.HAL_Init)
    HAL_InitTick                             0x08001959   Thumb Code    54  stm32f4xx_hal.o(i.HAL_InitTick)
    HAL_MspInit                              0x08001999   Thumb Code    42  stm32f4xx_hal_msp.o(i.HAL_MspInit)
    HAL_NVIC_EnableIRQ                       0x080019c9   Thumb Code    26  stm32f4xx_hal_cortex.o(i.HAL_NVIC_EnableIRQ)
    HAL_NVIC_SetPriority                     0x080019e5   Thumb Code    60  stm32f4xx_hal_cortex.o(i.HAL_NVIC_SetPriority)
    HAL_NVIC_SetPriorityGrouping             0x08001a25   Thumb Code    26  stm32f4xx_hal_cortex.o(i.HAL_NVIC_SetPriorityGrouping)
    HAL_RCC_ClockConfig                      0x08001a49   Thumb Code   288  stm32f4xx_hal_rcc.o(i.HAL_RCC_ClockConfig)
    HAL_RCC_GetPCLK1Freq                     0x08001b7d   Thumb Code    20  stm32f4xx_hal_rcc.o(i.HAL_RCC_GetPCLK1Freq)
    HAL_RCC_GetPCLK2Freq                     0x08001b9d   Thumb Code    20  stm32f4xx_hal_rcc.o(i.HAL_RCC_GetPCLK2Freq)
    HAL_RCC_GetSysClockFreq                  0x08001bbd   Thumb Code    88  stm32f4xx_hal_rcc.o(i.HAL_RCC_GetSysClockFreq)
    HAL_RCC_OscConfig                        0x08001c1d   Thumb Code   834  stm32f4xx_hal_rcc.o(i.HAL_RCC_OscConfig)
    HAL_SYSTICK_Config                       0x08001f79   Thumb Code    40  stm32f4xx_hal_cortex.o(i.HAL_SYSTICK_Config)
    HAL_TIMEx_ConfigBreakDeadTime            0x08001fa1   Thumb Code    84  stm32f4xx_hal_tim_ex.o(i.HAL_TIMEx_ConfigBreakDeadTime)
    HAL_TIMEx_MasterConfigSynchronization    0x08001ff5   Thumb Code   116  stm32f4xx_hal_tim_ex.o(i.HAL_TIMEx_MasterConfigSynchronization)
    HAL_TIMEx_PWMN_Start                     0x08002085   Thumb Code    46  stm32f4xx_hal_tim_ex.o(i.HAL_TIMEx_PWMN_Start)
    HAL_TIM_Base_Init                        0x080020b3   Thumb Code    54  stm32f4xx_hal_tim.o(i.HAL_TIM_Base_Init)
    HAL_TIM_Base_MspInit                     0x080020e9   Thumb Code   220  tim.o(i.HAL_TIM_Base_MspInit)
    HAL_TIM_ConfigClockSource                0x080021e1   Thumb Code   214  stm32f4xx_hal_tim.o(i.HAL_TIM_ConfigClockSource)
    HAL_TIM_MspPostInit                      0x080022b9   Thumb Code   284  tim.o(i.HAL_TIM_MspPostInit)
    HAL_TIM_PWM_ConfigChannel                0x080023f9   Thumb Code   208  stm32f4xx_hal_tim.o(i.HAL_TIM_PWM_ConfigChannel)
    HAL_TIM_PWM_Init                         0x080024c9   Thumb Code    54  stm32f4xx_hal_tim.o(i.HAL_TIM_PWM_Init)
    HAL_TIM_PWM_MspInit                      0x080024ff   Thumb Code     2  stm32f4xx_hal_tim.o(i.HAL_TIM_PWM_MspInit)
    HAL_TIM_PWM_Start                        0x08002501   Thumb Code    58  stm32f4xx_hal_tim.o(i.HAL_TIM_PWM_Start)
    HAL_UART_ErrorCallback                   0x08002545   Thumb Code     2  stm32f4xx_hal_uart.o(i.HAL_UART_ErrorCallback)
    HAL_UART_IRQHandler                      0x08002549   Thumb Code   270  stm32f4xx_hal_uart.o(i.HAL_UART_IRQHandler)
    HAL_UART_Init                            0x0800265d   Thumb Code    98  stm32f4xx_hal_uart.o(i.HAL_UART_Init)
    HAL_UART_MspInit                         0x080026c1   Thumb Code   122  usart.o(i.HAL_UART_MspInit)
    HAL_UART_RxCpltCallback                  0x0800274d   Thumb Code     2  stm32f4xx_hal_uart.o(i.HAL_UART_RxCpltCallback)
    HAL_UART_Transmit                        0x0800274f   Thumb Code   186  stm32f4xx_hal_uart.o(i.HAL_UART_Transmit)
    HAL_UART_TxCpltCallback                  0x08002809   Thumb Code     2  stm32f4xx_hal_uart.o(i.HAL_UART_TxCpltCallback)
    HardFault_Handler                        0x0800280b   Thumb Code     2  stm32f4xx_it.o(i.HardFault_Handler)
    IIC2_Ack                                 0x0800280d   Thumb Code    80  magneticsensori2c2.o(i.IIC2_Ack)
    IIC2_Init                                0x08002861   Thumb Code    40  magneticsensori2c2.o(i.IIC2_Init)
    IIC2_NAck                                0x0800288d   Thumb Code    80  magneticsensori2c2.o(i.IIC2_NAck)
    IIC2_Read_Byte                           0x080028e1   Thumb Code   108  magneticsensori2c2.o(i.IIC2_Read_Byte)
    IIC2_Send_Byte                           0x08002951   Thumb Code   114  magneticsensori2c2.o(i.IIC2_Send_Byte)
    IIC2_Start                               0x080029c9   Thumb Code    80  magneticsensori2c2.o(i.IIC2_Start)
    IIC2_Stop                                0x08002a1d   Thumb Code    82  magneticsensori2c2.o(i.IIC2_Stop)
    IIC2_Wait_Ack                            0x08002a75   Thumb Code    98  magneticsensori2c2.o(i.IIC2_Wait_Ack)
    IIC_Ack                                  0x08002add   Thumb Code    76  magneticsensori2c.o(i.IIC_Ack)
    IIC_Init                                 0x08002b2d   Thumb Code    56  magneticsensori2c.o(i.IIC_Init)
    IIC_NAck                                 0x08002b6d   Thumb Code    76  magneticsensori2c.o(i.IIC_NAck)
    IIC_Read_Byte                            0x08002bbd   Thumb Code   100  magneticsensori2c.o(i.IIC_Read_Byte)
    IIC_Send_Byte                            0x08002c29   Thumb Code   102  magneticsensori2c.o(i.IIC_Send_Byte)
    IIC_Start                                0x08002c95   Thumb Code    76  magneticsensori2c.o(i.IIC_Start)
    IIC_Stop                                 0x08002ce5   Thumb Code    76  magneticsensori2c.o(i.IIC_Stop)
    IIC_Wait_Ack                             0x08002d35   Thumb Code    90  magneticsensori2c.o(i.IIC_Wait_Ack)
    InlineCurrentSense                       0x08002d95   Thumb Code    96  inlinecurrentsense.o(i.InlineCurrentSense)
    InlineCurrentSense2                      0x08002e21   Thumb Code    90  inlinecurrentsense.o(i.InlineCurrentSense2)
    LPF_init                                 0x08002ea9   Thumb Code    36  lowpass_filter.o(i.LPF_init)
    LPF_init2                                0x08002ed9   Thumb Code    36  lowpass_filter.o(i.LPF_init2)
    LPFoperator                              0x08002f09   Thumb Code   104  lowpass_filter.o(i.LPFoperator)
    MX_ADC1_Init                             0x08002f7d   Thumb Code   154  adc.o(i.MX_ADC1_Init)
    MX_DMA_Init                              0x08003025   Thumb Code    40  dma_1.o(i.MX_DMA_Init)
    MX_GPIO_Init                             0x08003051   Thumb Code   200  gpio.o(i.MX_GPIO_Init)
    MX_TIM1_Init                             0x08003129   Thumb Code   238  tim.o(i.MX_TIM1_Init)
    MX_TIM2_Init                             0x08003221   Thumb Code    96  tim.o(i.MX_TIM2_Init)
    MX_TIM3_Init                             0x08003285   Thumb Code    96  tim.o(i.MX_TIM3_Init)
    MX_TIM4_Init                             0x080032ed   Thumb Code    98  tim.o(i.MX_TIM4_Init)
    MX_TIM8_Init                             0x08003359   Thumb Code   238  tim.o(i.MX_TIM8_Init)
    MX_USART1_UART_Init                      0x08003451   Thumb Code    48  usart.o(i.MX_USART1_UART_Init)
    MemManage_Handler                        0x08003489   Thumb Code     2  stm32f4xx_it.o(i.MemManage_Handler)
    Motor_init                               0x0800348d   Thumb Code    90  bldcmotor.o(i.Motor_init)
    Motor_init2                              0x08003531   Thumb Code    90  bldcmotor.o(i.Motor_init2)
    Motor_initFOC                            0x080035d9   Thumb Code    78  bldcmotor.o(i.Motor_initFOC)
    Motor_initFOC2                           0x0800363d   Thumb Code    78  bldcmotor.o(i.Motor_initFOC2)
    NMI_Handler                              0x080036a1   Thumb Code     2  stm32f4xx_it.o(i.NMI_Handler)
    PID_init                                 0x080036a5   Thumb Code   152  pid.o(i.PID_init)
    PID_init2                                0x08003751   Thumb Code   152  pid.o(i.PID_init2)
    PIDoperator                              0x080037fd   Thumb Code   324  pid.o(i.PIDoperator)
    PendSV_Handler                           0x08003951   Thumb Code     2  stm32f4xx_it.o(i.PendSV_Handler)
    SVC_Handler                              0x08003953   Thumb Code     2  stm32f4xx_it.o(i.SVC_Handler)
    SysTick_Handler                          0x08003955   Thumb Code     4  stm32f4xx_it.o(i.SysTick_Handler)
    SystemClock_Config                       0x08003959   Thumb Code   122  main.o(i.SystemClock_Config)
    SystemInit                               0x080039dd   Thumb Code    22  system_stm32f4xx.o(i.SystemInit)
    TIM_Base_SetConfig                       0x080039f9   Thumb Code   156  stm32f4xx_hal_tim.o(i.TIM_Base_SetConfig)
    TIM_CCxChannelCmd                        0x08003ac1   Thumb Code    26  stm32f4xx_hal_tim.o(i.TIM_CCxChannelCmd)
    TIM_ETR_SetConfig                        0x08003af5   Thumb Code    20  stm32f4xx_hal_tim.o(i.TIM_ETR_SetConfig)
    TIM_OC2_SetConfig                        0x08003b79   Thumb Code    98  stm32f4xx_hal_tim.o(i.TIM_OC2_SetConfig)
    USART1_IRQHandler                        0x08003f95   Thumb Code    28  stm32f4xx_it.o(i.USART1_IRQHandler)
    UsageFault_Handler                       0x08003fb5   Thumb Code     2  stm32f4xx_it.o(i.UsageFault_Handler)
    __0printf                                0x08003fb9   Thumb Code    22  printfa.o(i.__0printf)
    __1printf                                0x08003fb9   Thumb Code     0  printfa.o(i.__0printf)
    __2printf                                0x08003fb9   Thumb Code     0  printfa.o(i.__0printf)
    __c89printf                              0x08003fb9   Thumb Code     0  printfa.o(i.__0printf)
    printf                                   0x08003fb9   Thumb Code     0  printfa.o(i.__0printf)
    __ARM_fpclassify                         0x08003fd9   Thumb Code    48  fpclassify.o(i.__ARM_fpclassify)
    __hardfp_atan                            0x08004029   Thumb Code   622  atan.o(i.__hardfp_atan)
    __hardfp_atan2                           0x08004301   Thumb Code   432  atan2.o(i.__hardfp_atan2)
    __hardfp_fabs                            0x080044f1   Thumb Code    20  fabs.o(i.__hardfp_fabs)
    __hardfp_fmod                            0x08004505   Thumb Code   254  fmod.o(i.__hardfp_fmod)
    __kernel_poly                            0x08004609   Thumb Code   248  poly.o(i.__kernel_poly)
    __mathlib_dbl_infnan                     0x08004701   Thumb Code    20  dunder.o(i.__mathlib_dbl_infnan)
    __mathlib_dbl_infnan2                    0x08004715   Thumb Code    20  dunder.o(i.__mathlib_dbl_infnan2)
    __mathlib_dbl_invalid                    0x08004729   Thumb Code    24  dunder.o(i.__mathlib_dbl_invalid)
    __mathlib_dbl_underflow                  0x08004749   Thumb Code    24  dunder.o(i.__mathlib_dbl_underflow)
    __scatterload_copy                       0x08004769   Thumb Code    14  handlers.o(i.__scatterload_copy)
    __scatterload_null                       0x08004777   Thumb Code     2  handlers.o(i.__scatterload_null)
    __scatterload_zeroinit                   0x08004779   Thumb Code    14  handlers.o(i.__scatterload_zeroinit)
    __set_errno                              0x08004789   Thumb Code     6  errno.o(i.__set_errno)
    _electricalAngle                         0x08004795   Thumb Code    14  foc_utils.o(i._electricalAngle)
    _normalizeAngle                          0x08004929   Thumb Code    54  foc_utils.o(i._normalizeAngle)
    _sqrtApprox                              0x0800509d   Thumb Code    20  foc_utils.o(i._sqrtApprox)
    alignSensor                              0x080050b5   Thumb Code   586  bldcmotor.o(i.alignSensor)
    alignSensor2                             0x08005455   Thumb Code   560  bldcmotor.o(i.alignSensor2)
    arm_cos_f32                              0x080057dd   Thumb Code   108  arm_cos_f32.o(i.arm_cos_f32)
    arm_sin_f32                              0x08005855   Thumb Code   124  arm_sin_f32.o(i.arm_sin_f32)
    atan                                     0x080058e1   Thumb Code    16  atan.o(i.atan)
    electricalAngle                          0x080058f1   Thumb Code    36  focmotor.o(i.electricalAngle)
    electricalAngle2                         0x0800591d   Thumb Code    36  focmotor.o(i.electricalAngle2)
    fabs                                     0x08005949   Thumb Code    24  fabs.o(i.fabs)
    fputc                                    0x08005961   Thumb Code    20  usart.o(i.fputc)
    getAngle                                 0x08005979   Thumb Code   146  magneticsensori2c.o(i.getAngle)
    getAngle2                                0x08005a21   Thumb Code   152  magneticsensori2c2.o(i.getAngle2)
    getFOCCurrents                           0x08005ad1   Thumb Code    90  currentsense.o(i.getFOCCurrents)
    getFOCCurrents2                          0x08005b39   Thumb Code    90  currentsense.o(i.getFOCCurrents2)
    getPhaseCurrents                         0x08005ba1   Thumb Code    70  inlinecurrentsense.o(i.getPhaseCurrents)
    getPhaseCurrents2                        0x08005bf9   Thumb Code    70  inlinecurrentsense.o(i.getPhaseCurrents2)
    getVelocity                              0x08005c51   Thumb Code   104  magneticsensori2c.o(i.getVelocity)
    getVelocity2                             0x08005cc9   Thumb Code   104  magneticsensori2c2.o(i.getVelocity2)
    loopFOCtest                              0x08005d41   Thumb Code    92  bldcmotor.o(i.loopFOCtest)
    loopFOCtest_second                       0x08005db9   Thumb Code    98  bldcmotor.o(i.loopFOCtest_second)
    main                                     0x08005e39   Thumb Code   318  main.o(i.main)
    move_torque1                             0x08005f95   Thumb Code    32  bldcmotor.o(i.move_torque1)
    move_torque2                             0x08005fc1   Thumb Code    32  bldcmotor.o(i.move_torque2)
    my_delay_ms                              0x08005fed   Thumb Code    62  mydelay.o(i.my_delay_ms)
    my_delay_us                              0x08006031   Thumb Code    62  mydelay.o(i.my_delay_us)
    protocol_data_recv                       0x08006075   Thumb Code    82  protocol.o(i.protocol_data_recv)
    protocol_init                            0x080060cd   Thumb Code    20  protocol.o(i.protocol_init)
    setPhaseVoltage                          0x080060e5   Thumb Code   628  bldcmotor.o(i.setPhaseVoltage)
    setPhaseVoltage2                         0x08006399   Thumb Code   628  bldcmotor.o(i.setPhaseVoltage2)
    shaftAngle                               0x0800664d   Thumb Code    32  focmotor.o(i.shaftAngle)
    shaftAngle2                              0x08006675   Thumb Code    32  focmotor.o(i.shaftAngle2)
    shaftVelocity                            0x0800669d   Thumb Code    28  focmotor.o(i.shaftVelocity)
    shaftVelocity2                           0x080066c1   Thumb Code    28  focmotor.o(i.shaftVelocity2)
    AHBPrescTable                            0x080066ec   Data          16  system_stm32f4xx.o(.constdata)
    APBPrescTable                            0x080066fc   Data           8  system_stm32f4xx.o(.constdata)
    sinTable_f32                             0x08006704   Data        2052  arm_common_tables.o(.constdata)
    __mathlib_zero                           0x08006fa0   Data           8  qnan.o(.constdata)
    Region$$Table$$Base                      0x08006fa8   Number         0  anon$$obj.o(Region$$Table)
    Region$$Table$$Limit                     0x08006fc8   Number         0  anon$$obj.o(Region$$Table)
    pole_pairs                               0x20000000   Data           4  main.o(.data)
    targetId                                 0x20000004   Data           4  main.o(.data)
    velocity_target                          0x20000008   Data           4  main.o(.data)
    position_target                          0x2000000c   Data           4  main.o(.data)
    voltage_power_supply                     0x20000010   Data           4  main.o(.data)
    voltage_limit                            0x20000014   Data           4  main.o(.data)
    voltage_sensor_align                     0x20000018   Data           4  main.o(.data)
    voltage_sensor_align2                    0x2000001c   Data           4  main.o(.data)
    velocity_limit                           0x20000020   Data           4  main.o(.data)
    current_limit                            0x20000024   Data           4  main.o(.data)
    now_velocity                             0x20000028   Data           4  main.o(.data)
    now_position                             0x2000002c   Data           4  main.o(.data)
    Iq_target                                0x20000030   Data           4  main.o(.data)
    sensor_direction                         0x20000034   Data           4  main.o(.data)
    sensor_direction2                        0x20000038   Data           4  main.o(.data)
    adc_u                                    0x2000003c   Data           4  adc.o(.data)
    adc_v                                    0x20000040   Data           4  adc.o(.data)
    adc_u2                                   0x20000044   Data           4  adc.o(.data)
    adc_v2                                   0x20000048   Data           4  adc.o(.data)
    adc_buff                                 0x2000004c   Data           8  adc.o(.data)
    adc_w                                    0x20000054   Data           4  adc.o(.data)
    adc_w2                                   0x20000058   Data           4  adc.o(.data)
    uwTickFreq                               0x2000005c   Data           1  stm32f4xx_hal.o(.data)
    uwTickPrio                               0x20000060   Data           4  stm32f4xx_hal.o(.data)
    uwTick                                   0x20000064   Data           4  stm32f4xx_hal.o(.data)
    SystemCoreClock                          0x20000068   Data           4  system_stm32f4xx.o(.data)
    ChannelPulse                             0x2000006c   Data           2  bldcmotor.o(.data)
    ChannelPulse2                            0x2000006e   Data           2  bldcmotor.o(.data)
    current2                                 0x20000070   Data           8  bldcmotor.o(.data)
    shaft_angle                              0x20000078   Data           4  focmotor.o(.data)
    shaft_angle2                             0x2000007c   Data           4  focmotor.o(.data)
    sensor_offset                            0x20000080   Data           4  focmotor.o(.data)
    zero_electric_angle                      0x20000084   Data           4  focmotor.o(.data)
    zero_electric_angle2                     0x20000088   Data           4  focmotor.o(.data)
    electrical_angle                         0x2000008c   Data           4  focmotor.o(.data)
    electrical_angle2                        0x20000090   Data           4  focmotor.o(.data)
    shaft_velocity                           0x20000094   Data           4  focmotor.o(.data)
    shaft_velocity2                          0x20000098   Data           4  focmotor.o(.data)
    current_sp                               0x2000009c   Data           4  focmotor.o(.data)
    current_sp2                              0x200000a0   Data           4  focmotor.o(.data)
    voltage                                  0x200000a4   Data           8  focmotor.o(.data)
    voltage2                                 0x200000ac   Data           8  focmotor.o(.data)
    current                                  0x200000b4   Data           8  focmotor.o(.data)
    zero_angle                               0x200000bc   Data           4  focmotor.o(.data)
    pinA                                     0x200000c0   Data           4  inlinecurrentsense.o(.data)
    pinB                                     0x200000c4   Data           4  inlinecurrentsense.o(.data)
    pinC                                     0x200000c8   Data           4  inlinecurrentsense.o(.data)
    gain_a                                   0x200000cc   Data           4  inlinecurrentsense.o(.data)
    gain_b                                   0x200000d0   Data           4  inlinecurrentsense.o(.data)
    gain_c                                   0x200000d4   Data           4  inlinecurrentsense.o(.data)
    gain_a2                                  0x200000d8   Data           4  inlinecurrentsense.o(.data)
    gain_b2                                  0x200000dc   Data           4  inlinecurrentsense.o(.data)
    gain_c2                                  0x200000e0   Data           4  inlinecurrentsense.o(.data)
    offset_ia                                0x200000e4   Data           4  inlinecurrentsense.o(.data)
    offset_ib                                0x200000e8   Data           4  inlinecurrentsense.o(.data)
    offset_ic                                0x200000ec   Data           4  inlinecurrentsense.o(.data)
    offset_ia2                               0x200000f0   Data           4  inlinecurrentsense.o(.data)
    offset_ib2                               0x200000f4   Data           4  inlinecurrentsense.o(.data)
    offset_ic2                               0x200000f8   Data           4  inlinecurrentsense.o(.data)
    receive                                  0x200000fc   Data           1  magneticsensori2c.o(.data)
    angle_data_prev                          0x20000100   Data           4  magneticsensori2c.o(.data)
    cpr                                      0x20000104   Data           4  magneticsensori2c.o(.data)
    full_rotation_offset                     0x20000108   Data           4  magneticsensori2c.o(.data)
    angle_prev                               0x2000010c   Data           4  magneticsensori2c.o(.data)
    velocity_calc_timestamp                  0x20000110   Data           4  magneticsensori2c.o(.data)
    Ts                                       0x20000114   Data           4  pid.o(.data)
    proportional                             0x20000118   Data           4  pid.o(.data)
    integral                                 0x2000011c   Data           4  pid.o(.data)
    derivative                               0x20000120   Data           4  pid.o(.data)
    angle_data_prev2                         0x20000124   Data           4  magneticsensori2c2.o(.data)
    full_rotation_offset2                    0x20000128   Data           4  magneticsensori2c2.o(.data)
    velocity_calc_timestamp2                 0x2000012c   Data           4  magneticsensori2c2.o(.data)
    angle_prev2                              0x20000130   Data           4  magneticsensori2c2.o(.data)
    __stdout                                 0x20000134   Data           4  stdout.o(.data)
    hadc1                                    0x2000013c   Data          72  adc.o(.bss)
    hdma_adc1                                0x20000184   Data          96  adc.o(.bss)
    htim1                                    0x200001e4   Data          64  tim.o(.bss)
    htim2                                    0x20000224   Data          64  tim.o(.bss)
    htim3                                    0x20000264   Data          64  tim.o(.bss)
    htim4                                    0x200002a4   Data          64  tim.o(.bss)
    htim8                                    0x200002e4   Data          64  tim.o(.bss)
    huart1                                   0x20000324   Data          64  usart.o(.bss)
    realcurrent                              0x20000364   Data          12  currentsense.o(.bss)
    realcurrent2                             0x20000370   Data          12  currentsense.o(.bss)
    current_ab                               0x2000037c   Data          12  inlinecurrentsense.o(.bss)
    current_ab2                              0x20000388   Data          12  inlinecurrentsense.o(.bss)
    LPF_current_q                            0x20000394   Data          12  lowpass_filter.o(.bss)
    LPF_current_d                            0x200003a0   Data          12  lowpass_filter.o(.bss)
    LPF_velocity                             0x200003ac   Data          12  lowpass_filter.o(.bss)
    LPF_current_q2                           0x200003b8   Data          12  lowpass_filter.o(.bss)
    LPF_current_d2                           0x200003c4   Data          12  lowpass_filter.o(.bss)
    LPF_velocity2                            0x200003d0   Data          12  lowpass_filter.o(.bss)
    PID_current_q                            0x200003dc   Data          40  pid.o(.bss)
    PID_current_d                            0x20000404   Data          40  pid.o(.bss)
    PID_velocity                             0x2000042c   Data          40  pid.o(.bss)
    P_angle                                  0x20000454   Data          40  pid.o(.bss)
    PID_current_q2                           0x2000047c   Data          40  pid.o(.bss)
    PID_current_d2                           0x200004a4   Data          40  pid.o(.bss)
    PID_velocity2                            0x200004cc   Data          40  pid.o(.bss)
    P_angle2                                 0x200004f4   Data          40  pid.o(.bss)
    frame_data                               0x200005b4   Data         128  protocol.o(.bss)
    __initial_sp                             0x20000a38   Data           0  startup_stm32f407xx.o(STACK)



==============================================================================

Memory Map of the image

  Image Entry point : 0x08000189

  Load Region LR_IROM1 (Base: 0x08000000, Size: 0x00007104, Max: 0x00100000, ABSOLUTE, COMPRESSED[0x00006fd8])

    Execution Region ER_IROM1 (Exec base: 0x08000000, Load base: 0x08000000, Size: 0x00006fc8, Max: 0x00100000, ABSOLUTE)

    Exec Addr    Load Addr    Size         Type   Attr      Idx    E Section Name        Object

    0x08000000   0x08000000   0x00000188   Data   RO            3    RESET               startup_stm32f407xx.o
    0x08000188   0x08000188   0x00000000   Code   RO         4389  * .ARM.Collect$$$$00000000  mc_w.l(entry.o)
    0x08000188   0x08000188   0x00000004   Code   RO         4706    .ARM.Collect$$$$00000001  mc_w.l(entry2.o)
    0x0800018c   0x0800018c   0x00000004   Code   RO         4709    .ARM.Collect$$$$00000004  mc_w.l(entry5.o)
    0x08000190   0x08000190   0x00000000   Code   RO         4711    .ARM.Collect$$$$00000008  mc_w.l(entry7b.o)
    0x08000190   0x08000190   0x00000000   Code   RO         4713    .ARM.Collect$$$$0000000A  mc_w.l(entry8b.o)
    0x08000190   0x08000190   0x00000008   Code   RO         4714    .ARM.Collect$$$$0000000B  mc_w.l(entry9a.o)
    0x08000198   0x08000198   0x00000000   Code   RO         4716    .ARM.Collect$$$$0000000D  mc_w.l(entry10a.o)
    0x08000198   0x08000198   0x00000000   Code   RO         4718    .ARM.Collect$$$$0000000F  mc_w.l(entry11a.o)
    0x08000198   0x08000198   0x00000004   Code   RO         4707    .ARM.Collect$$$$00002712  mc_w.l(entry2.o)
    0x0800019c   0x0800019c   0x00000024   Code   RO            4    .text               startup_stm32f407xx.o
    0x080001c0   0x080001c0   0x00000062   Code   RO         4392    .text               mc_w.l(uldiv.o)
    0x08000222   0x08000222   0x00000024   Code   RO         4394    .text               mc_w.l(memcpya.o)
    0x08000246   0x08000246   0x00000024   Code   RO         4396    .text               mc_w.l(memseta.o)
    0x0800026a   0x0800026a   0x0000014e   Code   RO         4661    .text               mf_w.l(dadd.o)
    0x080003b8   0x080003b8   0x000000e4   Code   RO         4663    .text               mf_w.l(dmul.o)
    0x0800049c   0x0800049c   0x00000022   Code   RO         4665    .text               mf_w.l(dflti.o)
    0x080004be   0x080004be   0x0000001a   Code   RO         4667    .text               mf_w.l(dfltui.o)
    0x080004d8   0x080004d8   0x00000026   Code   RO         4671    .text               mf_w.l(f2d.o)
    0x080004fe   0x080004fe   0x00000002   PAD
    0x08000500   0x08000500   0x00000030   Code   RO         4673    .text               mf_w.l(cdrcmple.o)
    0x08000530   0x08000530   0x00000038   Code   RO         4675    .text               mf_w.l(d2f.o)
    0x08000568   0x08000568   0x0000002c   Code   RO         4721    .text               mc_w.l(uidiv.o)
    0x08000594   0x08000594   0x0000001e   Code   RO         4723    .text               mc_w.l(llshl.o)
    0x080005b2   0x080005b2   0x00000020   Code   RO         4725    .text               mc_w.l(llushr.o)
    0x080005d2   0x080005d2   0x00000024   Code   RO         4727    .text               mc_w.l(llsshr.o)
    0x080005f6   0x080005f6   0x00000000   Code   RO         4736    .text               mc_w.l(iusefp.o)
    0x080005f6   0x080005f6   0x0000006e   Code   RO         4737    .text               mf_w.l(fepilogue.o)
    0x08000664   0x08000664   0x000000ba   Code   RO         4739    .text               mf_w.l(depilogue.o)
    0x0800071e   0x0800071e   0x000000de   Code   RO         4741    .text               mf_w.l(ddiv.o)
    0x080007fc   0x080007fc   0x00000086   Code   RO         4745    .text               mf_w.l(drem.o)
    0x08000882   0x08000882   0x00000030   Code   RO         4747    .text               mf_w.l(dfixul.o)
    0x080008b2   0x080008b2   0x00000002   PAD
    0x080008b4   0x080008b4   0x00000024   Code   RO         4753    .text               mc_w.l(init.o)
    0x080008d8   0x080008d8   0x0000003a   Code   RO         4763    .text               mc_w.l(__dczerorl.o)
    0x08000912   0x08000912   0x0000006e   Code   RO          628    i.ADC_DMAConvCplt   stm32f4xx_hal_adc.o
    0x08000980   0x08000980   0x00000016   Code   RO          629    i.ADC_DMAError      stm32f4xx_hal_adc.o
    0x08000996   0x08000996   0x0000000a   Code   RO          630    i.ADC_DMAHalfConvCplt  stm32f4xx_hal_adc.o
    0x080009a0   0x080009a0   0x00000128   Code   RO          631    i.ADC_Init          stm32f4xx_hal_adc.o
    0x08000ac8   0x08000ac8   0x0000004c   Code   RO         3767    i.AS5600_ReadRawAngle  magneticsensori2c.o
    0x08000b14   0x08000b14   0x0000004c   Code   RO         4105    i.AS5600_ReadRawAngle2  magneticsensori2c2.o
    0x08000b60   0x08000b60   0x00000002   Code   RO          498    i.BusFault_Handler  stm32f4xx_it.o
    0x08000b62   0x08000b62   0x00000002   PAD
    0x08000b64   0x08000b64   0x00000114   Code   RO         3653    i.Current_calibrateOffsets  inlinecurrentsense.o
    0x08000c78   0x08000c78   0x00000118   Code   RO         3654    i.Current_calibrateOffsets2  inlinecurrentsense.o
    0x08000d90   0x08000d90   0x0000000c   Code   RO          499    i.DMA2_Stream0_IRQHandler  stm32f4xx_it.o
    0x08000d9c   0x08000d9c   0x00000028   Code   RO         2616    i.DMA_CalcBaseAndBitshift  stm32f4xx_hal_dma.o
    0x08000dc4   0x08000dc4   0x00000054   Code   RO         2617    i.DMA_CheckFifoParam  stm32f4xx_hal_dma.o
    0x08000e18   0x08000e18   0x00000028   Code   RO         2618    i.DMA_SetConfig     stm32f4xx_hal_dma.o
    0x08000e40   0x08000e40   0x00000002   Code   RO          500    i.DebugMon_Handler  stm32f4xx_it.o
    0x08000e42   0x08000e42   0x00000002   Code   RO           13    i.Error_Handler     main.o
    0x08000e44   0x08000e44   0x0000014c   Code   RO          633    i.HAL_ADC_ConfigChannel  stm32f4xx_hal_adc.o
    0x08000f90   0x08000f90   0x00000090   Code   RO          285    i.HAL_ADC_ConvCpltCallback  adc.o
    0x08001020   0x08001020   0x00000002   Code   RO          635    i.HAL_ADC_ConvHalfCpltCallback  stm32f4xx_hal_adc.o
    0x08001022   0x08001022   0x00000002   Code   RO          637    i.HAL_ADC_ErrorCallback  stm32f4xx_hal_adc.o
    0x08001024   0x08001024   0x00000054   Code   RO          642    i.HAL_ADC_Init      stm32f4xx_hal_adc.o
    0x08001078   0x08001078   0x000000b8   Code   RO          287    i.HAL_ADC_MspInit   adc.o
    0x08001130   0x08001130   0x000000ec   Code   RO          648    i.HAL_ADC_Start     stm32f4xx_hal_adc.o
    0x0800121c   0x0800121c   0x00000130   Code   RO          649    i.HAL_ADC_Start_DMA  stm32f4xx_hal_adc.o
    0x0800134c   0x0800134c   0x00000058   Code   RO          652    i.HAL_ADC_Stop_DMA  stm32f4xx_hal_adc.o
    0x080013a4   0x080013a4   0x0000008e   Code   RO         2619    i.HAL_DMA_Abort     stm32f4xx_hal_dma.o
    0x08001432   0x08001432   0x00000024   Code   RO         2620    i.HAL_DMA_Abort_IT  stm32f4xx_hal_dma.o
    0x08001456   0x08001456   0x00000002   PAD
    0x08001458   0x08001458   0x000001a0   Code   RO         2624    i.HAL_DMA_IRQHandler  stm32f4xx_hal_dma.o
    0x080015f8   0x080015f8   0x000000d4   Code   RO         2625    i.HAL_DMA_Init      stm32f4xx_hal_dma.o
    0x080016cc   0x080016cc   0x0000006e   Code   RO         2629    i.HAL_DMA_Start_IT  stm32f4xx_hal_dma.o
    0x0800173a   0x0800173a   0x00000002   PAD
    0x0800173c   0x0800173c   0x000001b8   Code   RO         2512    i.HAL_GPIO_Init     stm32f4xx_hal_gpio.o
    0x080018f4   0x080018f4   0x0000000a   Code   RO         2514    i.HAL_GPIO_ReadPin  stm32f4xx_hal_gpio.o
    0x080018fe   0x080018fe   0x0000000a   Code   RO         2516    i.HAL_GPIO_WritePin  stm32f4xx_hal_gpio.o
    0x08001908   0x08001908   0x0000000c   Code   RO         3044    i.HAL_GetTick       stm32f4xx_hal.o
    0x08001914   0x08001914   0x00000010   Code   RO         3050    i.HAL_IncTick       stm32f4xx_hal.o
    0x08001924   0x08001924   0x00000034   Code   RO         3051    i.HAL_Init          stm32f4xx_hal.o
    0x08001958   0x08001958   0x00000040   Code   RO         3052    i.HAL_InitTick      stm32f4xx_hal.o
    0x08001998   0x08001998   0x00000030   Code   RO          586    i.HAL_MspInit       stm32f4xx_hal_msp.o
    0x080019c8   0x080019c8   0x0000001a   Code   RO         2901    i.HAL_NVIC_EnableIRQ  stm32f4xx_hal_cortex.o
    0x080019e2   0x080019e2   0x00000002   PAD
    0x080019e4   0x080019e4   0x00000040   Code   RO         2907    i.HAL_NVIC_SetPriority  stm32f4xx_hal_cortex.o
    0x08001a24   0x08001a24   0x00000024   Code   RO         2908    i.HAL_NVIC_SetPriorityGrouping  stm32f4xx_hal_cortex.o
    0x08001a48   0x08001a48   0x00000134   Code   RO         2158    i.HAL_RCC_ClockConfig  stm32f4xx_hal_rcc.o
    0x08001b7c   0x08001b7c   0x00000020   Code   RO         2165    i.HAL_RCC_GetPCLK1Freq  stm32f4xx_hal_rcc.o
    0x08001b9c   0x08001b9c   0x00000020   Code   RO         2166    i.HAL_RCC_GetPCLK2Freq  stm32f4xx_hal_rcc.o
    0x08001bbc   0x08001bbc   0x00000060   Code   RO         2167    i.HAL_RCC_GetSysClockFreq  stm32f4xx_hal_rcc.o
    0x08001c1c   0x08001c1c   0x0000035c   Code   RO         2170    i.HAL_RCC_OscConfig  stm32f4xx_hal_rcc.o
    0x08001f78   0x08001f78   0x00000028   Code   RO         2912    i.HAL_SYSTICK_Config  stm32f4xx_hal_cortex.o
    0x08001fa0   0x08001fa0   0x00000054   Code   RO         1583    i.HAL_TIMEx_ConfigBreakDeadTime  stm32f4xx_hal_tim_ex.o
    0x08001ff4   0x08001ff4   0x00000090   Code   RO         1598    i.HAL_TIMEx_MasterConfigSynchronization  stm32f4xx_hal_tim_ex.o
    0x08002084   0x08002084   0x0000002e   Code   RO         1609    i.HAL_TIMEx_PWMN_Start  stm32f4xx_hal_tim_ex.o
    0x080020b2   0x080020b2   0x00000036   Code   RO          905    i.HAL_TIM_Base_Init  stm32f4xx_hal_tim.o
    0x080020e8   0x080020e8   0x000000f8   Code   RO          366    i.HAL_TIM_Base_MspInit  tim.o
    0x080021e0   0x080021e0   0x000000d6   Code   RO          914    i.HAL_TIM_ConfigClockSource  stm32f4xx_hal_tim.o
    0x080022b6   0x080022b6   0x00000002   PAD
    0x080022b8   0x080022b8   0x00000140   Code   RO          367    i.HAL_TIM_MspPostInit  tim.o
    0x080023f8   0x080023f8   0x000000d0   Code   RO          972    i.HAL_TIM_PWM_ConfigChannel  stm32f4xx_hal_tim.o
    0x080024c8   0x080024c8   0x00000036   Code   RO          975    i.HAL_TIM_PWM_Init  stm32f4xx_hal_tim.o
    0x080024fe   0x080024fe   0x00000002   Code   RO          977    i.HAL_TIM_PWM_MspInit  stm32f4xx_hal_tim.o
    0x08002500   0x08002500   0x00000044   Code   RO          980    i.HAL_TIM_PWM_Start  stm32f4xx_hal_tim.o
    0x08002544   0x08002544   0x00000002   Code   RO         1852    i.HAL_UART_ErrorCallback  stm32f4xx_hal_uart.o
    0x08002546   0x08002546   0x00000002   PAD
    0x08002548   0x08002548   0x00000114   Code   RO         1855    i.HAL_UART_IRQHandler  stm32f4xx_hal_uart.o
    0x0800265c   0x0800265c   0x00000062   Code   RO         1856    i.HAL_UART_Init     stm32f4xx_hal_uart.o
    0x080026be   0x080026be   0x00000002   PAD
    0x080026c0   0x080026c0   0x0000008c   Code   RO          438    i.HAL_UART_MspInit  usart.o
    0x0800274c   0x0800274c   0x00000002   Code   RO         1862    i.HAL_UART_RxCpltCallback  stm32f4xx_hal_uart.o
    0x0800274e   0x0800274e   0x000000ba   Code   RO         1864    i.HAL_UART_Transmit  stm32f4xx_hal_uart.o
    0x08002808   0x08002808   0x00000002   Code   RO         1867    i.HAL_UART_TxCpltCallback  stm32f4xx_hal_uart.o
    0x0800280a   0x0800280a   0x00000002   Code   RO          501    i.HardFault_Handler  stm32f4xx_it.o
    0x0800280c   0x0800280c   0x00000054   Code   RO         4106    i.IIC2_Ack          magneticsensori2c2.o
    0x08002860   0x08002860   0x0000002c   Code   RO         4107    i.IIC2_Init         magneticsensori2c2.o
    0x0800288c   0x0800288c   0x00000054   Code   RO         4108    i.IIC2_NAck         magneticsensori2c2.o
    0x080028e0   0x080028e0   0x00000070   Code   RO         4109    i.IIC2_Read_Byte    magneticsensori2c2.o
    0x08002950   0x08002950   0x00000078   Code   RO         4110    i.IIC2_Send_Byte    magneticsensori2c2.o
    0x080029c8   0x080029c8   0x00000054   Code   RO         4111    i.IIC2_Start        magneticsensori2c2.o
    0x08002a1c   0x08002a1c   0x00000058   Code   RO         4112    i.IIC2_Stop         magneticsensori2c2.o
    0x08002a74   0x08002a74   0x00000068   Code   RO         4113    i.IIC2_Wait_Ack     magneticsensori2c2.o
    0x08002adc   0x08002adc   0x00000050   Code   RO         3768    i.IIC_Ack           magneticsensori2c.o
    0x08002b2c   0x08002b2c   0x00000040   Code   RO         3769    i.IIC_Init          magneticsensori2c.o
    0x08002b6c   0x08002b6c   0x00000050   Code   RO         3770    i.IIC_NAck          magneticsensori2c.o
    0x08002bbc   0x08002bbc   0x0000006c   Code   RO         3771    i.IIC_Read_Byte     magneticsensori2c.o
    0x08002c28   0x08002c28   0x0000006c   Code   RO         3772    i.IIC_Send_Byte     magneticsensori2c.o
    0x08002c94   0x08002c94   0x00000050   Code   RO         3773    i.IIC_Start         magneticsensori2c.o
    0x08002ce4   0x08002ce4   0x00000050   Code   RO         3774    i.IIC_Stop          magneticsensori2c.o
    0x08002d34   0x08002d34   0x00000060   Code   RO         3775    i.IIC_Wait_Ack      magneticsensori2c.o
    0x08002d94   0x08002d94   0x0000008c   Code   RO         3655    i.InlineCurrentSense  inlinecurrentsense.o
    0x08002e20   0x08002e20   0x00000088   Code   RO         3656    i.InlineCurrentSense2  inlinecurrentsense.o
    0x08002ea8   0x08002ea8   0x00000030   Code   RO         3724    i.LPF_init          lowpass_filter.o
    0x08002ed8   0x08002ed8   0x00000030   Code   RO         3725    i.LPF_init2         lowpass_filter.o
    0x08002f08   0x08002f08   0x00000074   Code   RO         3726    i.LPFoperator       lowpass_filter.o
    0x08002f7c   0x08002f7c   0x000000a8   Code   RO          288    i.MX_ADC1_Init      adc.o
    0x08003024   0x08003024   0x0000002c   Code   RO          341    i.MX_DMA_Init       dma_1.o
    0x08003050   0x08003050   0x000000d8   Code   RO          257    i.MX_GPIO_Init      gpio.o
    0x08003128   0x08003128   0x000000f8   Code   RO          368    i.MX_TIM1_Init      tim.o
    0x08003220   0x08003220   0x00000064   Code   RO          369    i.MX_TIM2_Init      tim.o
    0x08003284   0x08003284   0x00000068   Code   RO          370    i.MX_TIM3_Init      tim.o
    0x080032ec   0x080032ec   0x0000006c   Code   RO          371    i.MX_TIM4_Init      tim.o
    0x08003358   0x08003358   0x000000f8   Code   RO          372    i.MX_TIM8_Init      tim.o
    0x08003450   0x08003450   0x00000038   Code   RO          439    i.MX_USART1_UART_Init  usart.o
    0x08003488   0x08003488   0x00000002   Code   RO          502    i.MemManage_Handler  stm32f4xx_it.o
    0x0800348a   0x0800348a   0x00000002   PAD
    0x0800348c   0x0800348c   0x000000a4   Code   RO         3327    i.Motor_init        bldcmotor.o
    0x08003530   0x08003530   0x000000a8   Code   RO         3328    i.Motor_init2       bldcmotor.o
    0x080035d8   0x080035d8   0x00000064   Code   RO         3329    i.Motor_initFOC     bldcmotor.o
    0x0800363c   0x0800363c   0x00000064   Code   RO         3330    i.Motor_initFOC2    bldcmotor.o
    0x080036a0   0x080036a0   0x00000002   Code   RO          503    i.NMI_Handler       stm32f4xx_it.o
    0x080036a2   0x080036a2   0x00000002   PAD
    0x080036a4   0x080036a4   0x000000ac   Code   RO         3918    i.PID_init          pid.o
    0x08003750   0x08003750   0x000000ac   Code   RO         3919    i.PID_init2         pid.o
    0x080037fc   0x080037fc   0x00000154   Code   RO         3920    i.PIDoperator       pid.o
    0x08003950   0x08003950   0x00000002   Code   RO          504    i.PendSV_Handler    stm32f4xx_it.o
    0x08003952   0x08003952   0x00000002   Code   RO          505    i.SVC_Handler       stm32f4xx_it.o
    0x08003954   0x08003954   0x00000004   Code   RO          506    i.SysTick_Handler   stm32f4xx_it.o
    0x08003958   0x08003958   0x00000084   Code   RO           14    i.SystemClock_Config  main.o
    0x080039dc   0x080039dc   0x0000001c   Code   RO         3290    i.SystemInit        system_stm32f4xx.o
    0x080039f8   0x080039f8   0x000000c8   Code   RO          993    i.TIM_Base_SetConfig  stm32f4xx_hal_tim.o
    0x08003ac0   0x08003ac0   0x0000001a   Code   RO          994    i.TIM_CCxChannelCmd  stm32f4xx_hal_tim.o
    0x08003ada   0x08003ada   0x0000001a   Code   RO         1618    i.TIM_CCxNChannelCmd  stm32f4xx_hal_tim_ex.o
    0x08003af4   0x08003af4   0x00000014   Code   RO         1004    i.TIM_ETR_SetConfig  stm32f4xx_hal_tim.o
    0x08003b08   0x08003b08   0x00000010   Code   RO         1005    i.TIM_ITRx_SetConfig  stm32f4xx_hal_tim.o
    0x08003b18   0x08003b18   0x00000060   Code   RO         1006    i.TIM_OC1_SetConfig  stm32f4xx_hal_tim.o
    0x08003b78   0x08003b78   0x0000006c   Code   RO         1007    i.TIM_OC2_SetConfig  stm32f4xx_hal_tim.o
    0x08003be4   0x08003be4   0x00000068   Code   RO         1008    i.TIM_OC3_SetConfig  stm32f4xx_hal_tim.o
    0x08003c4c   0x08003c4c   0x00000050   Code   RO         1009    i.TIM_OC4_SetConfig  stm32f4xx_hal_tim.o
    0x08003c9c   0x08003c9c   0x00000022   Code   RO         1011    i.TIM_TI1_ConfigInputStage  stm32f4xx_hal_tim.o
    0x08003cbe   0x08003cbe   0x00000024   Code   RO         1013    i.TIM_TI2_ConfigInputStage  stm32f4xx_hal_tim.o
    0x08003ce2   0x08003ce2   0x00000010   Code   RO         1869    i.UART_DMAAbortOnError  stm32f4xx_hal_uart.o
    0x08003cf2   0x08003cf2   0x0000001c   Code   RO         1879    i.UART_EndRxTransfer  stm32f4xx_hal_uart.o
    0x08003d0e   0x08003d0e   0x00000096   Code   RO         1881    i.UART_Receive_IT   stm32f4xx_hal_uart.o
    0x08003da4   0x08003da4   0x00000128   Code   RO         1882    i.UART_SetConfig    stm32f4xx_hal_uart.o
    0x08003ecc   0x08003ecc   0x00000062   Code   RO         1883    i.UART_Transmit_IT  stm32f4xx_hal_uart.o
    0x08003f2e   0x08003f2e   0x00000064   Code   RO         1884    i.UART_WaitOnFlagUntilTimeout  stm32f4xx_hal_uart.o
    0x08003f92   0x08003f92   0x00000002   PAD
    0x08003f94   0x08003f94   0x00000020   Code   RO          507    i.USART1_IRQHandler  stm32f4xx_it.o
    0x08003fb4   0x08003fb4   0x00000002   Code   RO          508    i.UsageFault_Handler  stm32f4xx_it.o
    0x08003fb6   0x08003fb6   0x00000002   PAD
    0x08003fb8   0x08003fb8   0x00000020   Code   RO         4633    i.__0printf         mc_w.l(printfa.o)
    0x08003fd8   0x08003fd8   0x00000030   Code   RO         4749    i.__ARM_fpclassify  m_wm.l(fpclassify.o)
    0x08004008   0x08004008   0x00000020   Code   RO         2914    i.__NVIC_SetPriority  stm32f4xx_hal_cortex.o
    0x08004028   0x08004028   0x000002d8   Code   RO         4677    i.__hardfp_atan     m_wm.l(atan.o)
    0x08004300   0x08004300   0x000001f0   Code   RO         4359    i.__hardfp_atan2    m_wm.l(atan2.o)
    0x080044f0   0x080044f0   0x00000014   Code   RO         4371    i.__hardfp_fabs     m_wm.l(fabs.o)
    0x08004504   0x08004504   0x00000104   Code   RO         4377    i.__hardfp_fmod     m_wm.l(fmod.o)
    0x08004608   0x08004608   0x000000f8   Code   RO         4751    i.__kernel_poly     m_wm.l(poly.o)
    0x08004700   0x08004700   0x00000014   Code   RO         4692    i.__mathlib_dbl_infnan  m_wm.l(dunder.o)
    0x08004714   0x08004714   0x00000014   Code   RO         4693    i.__mathlib_dbl_infnan2  m_wm.l(dunder.o)
    0x08004728   0x08004728   0x00000020   Code   RO         4694    i.__mathlib_dbl_invalid  m_wm.l(dunder.o)
    0x08004748   0x08004748   0x00000020   Code   RO         4697    i.__mathlib_dbl_underflow  m_wm.l(dunder.o)
    0x08004768   0x08004768   0x0000000e   Code   RO         4757    i.__scatterload_copy  mc_w.l(handlers.o)
    0x08004776   0x08004776   0x00000002   Code   RO         4758    i.__scatterload_null  mc_w.l(handlers.o)
    0x08004778   0x08004778   0x0000000e   Code   RO         4759    i.__scatterload_zeroinit  mc_w.l(handlers.o)
    0x08004786   0x08004786   0x00000002   PAD
    0x08004788   0x08004788   0x0000000c   Code   RO         4731    i.__set_errno       mc_w.l(errno.o)
    0x08004794   0x08004794   0x0000000e   Code   RO         3507    i._electricalAngle  foc_utils.o
    0x080047a2   0x080047a2   0x00000002   PAD
    0x080047a4   0x080047a4   0x00000184   Code   RO         4640    i._fp_digits        mc_w.l(printfa.o)
    0x08004928   0x08004928   0x00000044   Code   RO         3508    i._normalizeAngle   foc_utils.o
    0x0800496c   0x0800496c   0x000006dc   Code   RO         4641    i._printf_core      mc_w.l(printfa.o)
    0x08005048   0x08005048   0x00000024   Code   RO         4642    i._printf_post_padding  mc_w.l(printfa.o)
    0x0800506c   0x0800506c   0x0000002e   Code   RO         4643    i._printf_pre_padding  mc_w.l(printfa.o)
    0x0800509a   0x0800509a   0x00000002   PAD
    0x0800509c   0x0800509c   0x00000018   Code   RO         3510    i._sqrtApprox       foc_utils.o
    0x080050b4   0x080050b4   0x000003a0   Code   RO         3331    i.alignSensor       bldcmotor.o
    0x08005454   0x08005454   0x00000388   Code   RO         3332    i.alignSensor2      bldcmotor.o
    0x080057dc   0x080057dc   0x00000078   Code   RO         4310    i.arm_cos_f32       arm_cos_f32.o
    0x08005854   0x08005854   0x0000008c   Code   RO         4338    i.arm_sin_f32       arm_sin_f32.o
    0x080058e0   0x080058e0   0x00000010   Code   RO         4679    i.atan              m_wm.l(atan.o)
    0x080058f0   0x080058f0   0x0000002c   Code   RO         3575    i.electricalAngle   focmotor.o
    0x0800591c   0x0800591c   0x0000002c   Code   RO         3576    i.electricalAngle2  focmotor.o
    0x08005948   0x08005948   0x00000018   Code   RO         4373    i.fabs              m_wm.l(fabs.o)
    0x08005960   0x08005960   0x00000018   Code   RO          442    i.fputc             usart.o
    0x08005978   0x08005978   0x000000a8   Code   RO         3779    i.getAngle          magneticsensori2c.o
    0x08005a20   0x08005a20   0x000000b0   Code   RO         4116    i.getAngle2         magneticsensori2c2.o
    0x08005ad0   0x08005ad0   0x00000068   Code   RO         3468    i.getFOCCurrents    currentsense.o
    0x08005b38   0x08005b38   0x00000068   Code   RO         3469    i.getFOCCurrents2   currentsense.o
    0x08005ba0   0x08005ba0   0x00000058   Code   RO         3658    i.getPhaseCurrents  inlinecurrentsense.o
    0x08005bf8   0x08005bf8   0x00000058   Code   RO         3659    i.getPhaseCurrents2  inlinecurrentsense.o
    0x08005c50   0x08005c50   0x00000078   Code   RO         3780    i.getVelocity       magneticsensori2c.o
    0x08005cc8   0x08005cc8   0x00000078   Code   RO         4117    i.getVelocity2      magneticsensori2c2.o
    0x08005d40   0x08005d40   0x00000078   Code   RO         3333    i.loopFOCtest       bldcmotor.o
    0x08005db8   0x08005db8   0x00000080   Code   RO         3334    i.loopFOCtest_second  bldcmotor.o
    0x08005e38   0x08005e38   0x0000015c   Code   RO           15    i.main              main.o
    0x08005f94   0x08005f94   0x0000002c   Code   RO         3339    i.move_torque1      bldcmotor.o
    0x08005fc0   0x08005fc0   0x0000002c   Code   RO         3340    i.move_torque2      bldcmotor.o
    0x08005fec   0x08005fec   0x00000044   Code   RO         3887    i.my_delay_ms       mydelay.o
    0x08006030   0x08006030   0x00000044   Code   RO         3888    i.my_delay_us       mydelay.o
    0x08006074   0x08006074   0x00000058   Code   RO         3967    i.protocol_data_recv  protocol.o
    0x080060cc   0x080060cc   0x00000018   Code   RO         3969    i.protocol_init     protocol.o
    0x080060e4   0x080060e4   0x000002b4   Code   RO         3343    i.setPhaseVoltage   bldcmotor.o
    0x08006398   0x08006398   0x000002b4   Code   RO         3344    i.setPhaseVoltage2  bldcmotor.o
    0x0800664c   0x0800664c   0x00000028   Code   RO         3577    i.shaftAngle        focmotor.o
    0x08006674   0x08006674   0x00000028   Code   RO         3578    i.shaftAngle2       focmotor.o
    0x0800669c   0x0800669c   0x00000024   Code   RO         3579    i.shaftVelocity     focmotor.o
    0x080066c0   0x080066c0   0x00000024   Code   RO         3580    i.shaftVelocity2    focmotor.o
    0x080066e4   0x080066e4   0x00000008   Data   RO         2631    .constdata          stm32f4xx_hal_dma.o
    0x080066ec   0x080066ec   0x00000010   Data   RO         3291    .constdata          system_stm32f4xx.o
    0x080066fc   0x080066fc   0x00000008   Data   RO         3292    .constdata          system_stm32f4xx.o
    0x08006704   0x08006704   0x00000804   Data   RO         4284    .constdata          arm_common_tables.o
    0x08006f08   0x08006f08   0x00000098   Data   RO         4680    .constdata          m_wm.l(atan.o)
    0x08006fa0   0x08006fa0   0x00000008   Data   RO         4705    .constdata          m_wm.l(qnan.o)
    0x08006fa8   0x08006fa8   0x00000020   Data   RO         4755    Region$$Table       anon$$obj.o


    Execution Region RW_IRAM1 (Exec base: 0x20000000, Load base: 0x08006fc8, Size: 0x00000a38, Max: 0x00020000, ABSOLUTE, COMPRESSED[0x00000010])

    Exec Addr    Load Addr    Size         Type   Attr      Idx    E Section Name        Object

    0x20000000   COMPRESSED   0x00000004   Data   RW           18    .data               main.o
    0x20000004   COMPRESSED   0x00000030   Data   RW           21    .data               main.o
    0x20000034   COMPRESSED   0x00000004   Data   RW           23    .data               main.o
    0x20000038   COMPRESSED   0x00000004   Data   RW           24    .data               main.o
    0x2000003c   COMPRESSED   0x00000018   Data   RW          295    .data               adc.o
    0x20000054   COMPRESSED   0x00000004   Data   RW          296    .data               adc.o
    0x20000058   COMPRESSED   0x00000004   Data   RW          297    .data               adc.o
    0x2000005c   COMPRESSED   0x0000000c   Data   RW         3058    .data               stm32f4xx_hal.o
    0x20000068   COMPRESSED   0x00000004   Data   RW         3293    .data               system_stm32f4xx.o
    0x2000006c   COMPRESSED   0x0000000c   Data   RW         3345    .data               bldcmotor.o
    0x20000078   COMPRESSED   0x00000014   Data   RW         3581    .data               focmotor.o
    0x2000008c   COMPRESSED   0x00000004   Data   RW         3582    .data               focmotor.o
    0x20000090   COMPRESSED   0x00000004   Data   RW         3583    .data               focmotor.o
    0x20000094   COMPRESSED   0x00000004   Data   RW         3584    .data               focmotor.o
    0x20000098   COMPRESSED   0x00000004   Data   RW         3585    .data               focmotor.o
    0x2000009c   COMPRESSED   0x00000004   Data   RW         3586    .data               focmotor.o
    0x200000a0   COMPRESSED   0x00000004   Data   RW         3587    .data               focmotor.o
    0x200000a4   COMPRESSED   0x00000008   Data   RW         3592    .data               focmotor.o
    0x200000ac   COMPRESSED   0x00000008   Data   RW         3593    .data               focmotor.o
    0x200000b4   COMPRESSED   0x00000008   Data   RW         3594    .data               focmotor.o
    0x200000bc   COMPRESSED   0x00000004   Data   RW         3597    .data               focmotor.o
    0x200000c0   COMPRESSED   0x0000003c   Data   RW         3662    .data               inlinecurrentsense.o
    0x200000fc   COMPRESSED   0x00000018   Data   RW         3783    .data               magneticsensori2c.o
    0x20000114   COMPRESSED   0x00000010   Data   RW         3922    .data               pid.o
    0x20000124   COMPRESSED   0x00000010   Data   RW         4120    .data               magneticsensori2c2.o
    0x20000134   COMPRESSED   0x00000004   Data   RW         4720    .data               mc_w.l(stdout.o)
    0x20000138   COMPRESSED   0x00000004   Data   RW         4732    .data               mc_w.l(errno.o)
    0x2000013c        -       0x000000a8   Zero   RW          289    .bss                adc.o
    0x200001e4        -       0x00000140   Zero   RW          373    .bss                tim.o
    0x20000324        -       0x00000040   Zero   RW          443    .bss                usart.o
    0x20000364        -       0x00000018   Zero   RW         3470    .bss                currentsense.o
    0x2000037c        -       0x00000018   Zero   RW         3661    .bss                inlinecurrentsense.o
    0x20000394        -       0x00000048   Zero   RW         3727    .bss                lowpass_filter.o
    0x200003dc        -       0x00000140   Zero   RW         3921    .bss                pid.o
    0x2000051c        -       0x00000118   Zero   RW         3978    .bss                protocol.o
    0x20000634   COMPRESSED   0x00000004   PAD
    0x20000638        -       0x00000400   Zero   RW            1    STACK               startup_stm32f407xx.o


==============================================================================

Image component sizes


      Code (inc. data)   RO Data    RW Data    ZI Data      Debug   Object Name

       496         52          0         32        168       3123   adc.o
         0          0       2052          0          0       4736   arm_common_tables.o
       120         12          0          0          0        746   arm_cos_f32.o
       140         16          0          0          0        758   arm_sin_f32.o
      4084       1108          0         12          0      11438   bldcmotor.o
       208         28          0          0         24       1854   currentsense.o
        44          4          0          0          0        850   dma_1.o
       106         18          0          0          0      15327   foc_utils.o
       240         48          0         72          0       5057   focmotor.o
       216         16          0          0          0       2048   gpio.o
      1008        274          0         60         24       4937   inlinecurrentsense.o
       212         36          0          0         72       3177   lowpass_filter.o
      1060         82          0         24          0       8341   magneticsensori2c.o
      1092         78          0         16          0       7874   magneticsensori2c2.o
       482         40          0         60          0     707352   main.o
       136         12          0          0          0       1124   mydelay.o
       684         56          0         16        320       3689   pid.o
       112         10          0          0        280       3852   protocol.o
        36          8        392          0       1024        884   startup_stm32f407xx.o
       144         24          0         12          0       9101   stm32f4xx_hal.o
      1486         90          0          0          0       9061   stm32f4xx_hal_adc.o
       198         14          0          0          0      34251   stm32f4xx_hal_cortex.o
      1080         16          8          0          0       7778   stm32f4xx_hal_dma.o
       460         46          0          0          0       3247   stm32f4xx_hal_gpio.o
        48          6          0          0          0        926   stm32f4xx_hal_msp.o
      1328         78          0          0          0       5516   stm32f4xx_hal_rcc.o
      1320         90          0          0          0      13500   stm32f4xx_hal_tim.o
       300         28          0          0          0       3735   stm32f4xx_hal_tim_ex.o
      1254         16          0          0          0      10155   stm32f4xx_hal_uart.o
        64         10          0          0          0       5596   stm32f4xx_it.o
        28          6         24          4          0       1275   system_stm32f4xx.o
      1376        106          0          0        320       6252   tim.o
       220         30          0          0         64       2450   usart.o

    ----------------------------------------------------------------------
     19806       2458       2508        308       2300     900010   Object Totals
         0          0         32          0          0          0   (incl. Generated)
        24          0          0          0          4          0   (incl. Padding)

    ----------------------------------------------------------------------

      Code (inc. data)   RO Data    RW Data    ZI Data      Debug   Library Member Name

       744        106        152          0          0        352   atan.o
       496         64          0          0          0        192   atan2.o
       104         16          0          0          0        496   dunder.o
        44          0          0          0          0        248   fabs.o
       260          6          0          0          0        144   fmod.o
        48          0          0          0          0        124   fpclassify.o
       248          0          0          0          0        152   poly.o
         0          0          8          0          0          0   qnan.o
        58          0          0          0          0          0   __dczerorl.o
         0          0          0          0          0          0   entry.o
         0          0          0          0          0          0   entry10a.o
         0          0          0          0          0          0   entry11a.o
         8          4          0          0          0          0   entry2.o
         4          0          0          0          0          0   entry5.o
         0          0          0          0          0          0   entry7b.o
         0          0          0          0          0          0   entry8b.o
         8          4          0          0          0          0   entry9a.o
        12          6          0          4          0         68   errno.o
        30          0          0          0          0          0   handlers.o
        36          8          0          0          0         68   init.o
         0          0          0          0          0          0   iusefp.o
        30          0          0          0          0         68   llshl.o
        36          0          0          0          0         68   llsshr.o
        32          0          0          0          0         68   llushr.o
        36          0          0          0          0         68   memcpya.o
        36          0          0          0          0        108   memseta.o
      2258         90          0          0          0        452   printfa.o
         0          0          0          4          0          0   stdout.o
        44          0          0          0          0         80   uidiv.o
        98          0          0          0          0         92   uldiv.o
        48          0          0          0          0         68   cdrcmple.o
        56          0          0          0          0         88   d2f.o
       334          0          0          0          0        148   dadd.o
       222          0          0          0          0        100   ddiv.o
       186          0          0          0          0        176   depilogue.o
        48          0          0          0          0         68   dfixul.o
        34          0          0          0          0         76   dflti.o
        26          0          0          0          0         76   dfltui.o
       228          0          0          0          0         96   dmul.o
       134          0          0          0          0         96   drem.o
        38          0          0          0          0         68   f2d.o
       110          0          0          0          0        168   fepilogue.o

    ----------------------------------------------------------------------
      6142        304        160          8          0       4076   Library Totals
         8          0          0          0          0          0   (incl. Padding)

    ----------------------------------------------------------------------

      Code (inc. data)   RO Data    RW Data    ZI Data      Debug   Library Name

      1944        192        160          0          0       1708   m_wm.l
      2726        112          0          8          0       1140   mc_w.l
      1464          0          0          0          0       1228   mf_w.l

    ----------------------------------------------------------------------
      6142        304        160          8          0       4076   Library Totals

    ----------------------------------------------------------------------

==============================================================================


      Code (inc. data)   RO Data    RW Data    ZI Data      Debug   

     25948       2762       2668        316       2300     887074   Grand Totals
     25948       2762       2668         16       2300     887074   ELF Image Totals (compressed)
     25948       2762       2668         16          0          0   ROM Totals

==============================================================================

    Total RO  Size (Code + RO Data)                28616 (  27.95kB)
    Total RW  Size (RW Data + ZI Data)              2616 (   2.55kB)
    Total ROM Size (Code + RO Data + RW Data)      28632 (  27.96kB)

==============================================================================

