<html>
<body>
<pre>
<h1>µVision Build Log</h1>
<h2>Tool Versions:</h2>
IDE-Version: ¦ÌVision V5.26.2.0
Copyright (C) 2018 ARM Ltd and ARM Germany GmbH. All rights reserved.
License Information: 123 R-YDL, 123, LIC=RC93N-Y8FLT-VEYHA-1M3SI-8JHCL-Q46CB
 
Tool Versions:
Toolchain:       MDK-ARM Plus  Version: 5.26.2.0
Toolchain Path:  D:\KeilUvision5MDK\keil526\ARM\ARMCC\Bin
C Compiler:      Armcc.exe V5.06 update 6 (build 750)
Assembler:       Armasm.exe V5.06 update 6 (build 750)
Linker/Locator:  ArmLink.exe V5.06 update 6 (build 750)
Library Manager: ArmAr.exe V5.06 update 6 (build 750)
Hex Converter:   FromElf.exe V5.06 update 6 (build 750)
CPU DLL:         SARMCM3.DLL V5.26.2.0
Dialog DLL:      DCM.DLL V1.17.2.0
Target DLL:      Segger\JL2CM3.dll V2.99.31.0
Dialog DLL:      TCM.DLL V1.36.1.0
 
<h2>Project:</h2>
H:\MyFOC\stm32f407igt6 dual Moto\On line sampling\stm32f407zgt6ADC2\stm32f407zgt6ADC\MDK-ARM\stm32f407zgt6ADC.uvprojx
Project File Date:  07/21/2022

<h2>Output:</h2>
*** Using Compiler 'V5.06 update 6 (build 750)', folder: 'D:\KeilUvision5MDK\keil526\ARM\ARMCC\Bin'
Build target 'stm32f407zgt6ADC'
compiling main.c...
..\FOC\test.h(6): warning:  #1-D: last line of file ends without a newline
  #endif
../Src/main.c: 1 warning, 0 errors
compiling gpio.c...
..\FOC\test.h(6): warning:  #1-D: last line of file ends without a newline
  #endif
../Src/gpio.c: 1 warning, 0 errors
compiling adc.c...
..\FOC\test.h(6): warning:  #1-D: last line of file ends without a newline
  #endif
../Src/adc.c: 1 warning, 0 errors
compiling dma.c...
..\FOC\test.h(6): warning:  #1-D: last line of file ends without a newline
  #endif
../Src/dma.c: 1 warning, 0 errors
compiling tim.c...
..\FOC\test.h(6): warning:  #1-D: last line of file ends without a newline
  #endif
../Src/tim.c: 1 warning, 0 errors
compiling usart.c...
..\FOC\test.h(6): warning:  #1-D: last line of file ends without a newline
  #endif
../Src/usart.c: 1 warning, 0 errors
compiling stm32f4xx_it.c...
..\FOC\test.h(6): warning:  #1-D: last line of file ends without a newline
  #endif
../Src/stm32f4xx_it.c: 1 warning, 0 errors
compiling stm32f4xx_hal_msp.c...
..\FOC\test.h(6): warning:  #1-D: last line of file ends without a newline
  #endif
../Src/stm32f4xx_hal_msp.c: 1 warning, 0 errors
compiling dma.c...
..\FOC\test.h(6): warning:  #1-D: last line of file ends without a newline
  #endif
../Src/dma.c: 1 warning, 0 errors
compiling BLDCmotor.c...
..\FOC\test.h(6): warning:  #1-D: last line of file ends without a newline
  #endif
..\FOC\BLDCmotor.c(375): warning:  #550-D: variable "a"  was set but never used
        float a,b,c;
..\FOC\BLDCmotor.c(375): warning:  #550-D: variable "b"  was set but never used
        float a,b,c;
..\FOC\BLDCmotor.c(375): warning:  #550-D: variable "c"  was set but never used
        float a,b,c;
..\FOC\BLDCmotor.c(495): warning:  #550-D: variable "a"  was set but never used
        float a,b,c;
..\FOC\BLDCmotor.c(495): warning:  #550-D: variable "b"  was set but never used
        float a,b,c;
..\FOC\BLDCmotor.c(495): warning:  #550-D: variable "c"  was set but never used
        float a,b,c;
..\FOC\BLDCmotor.c: 7 warnings, 0 errors
compiling FOCMotor.c...
..\FOC\test.h(6): warning:  #1-D: last line of file ends without a newline
  #endif
..\FOC\FOCMotor.c: 1 warning, 0 errors
compiling lowpass_filter.c...
..\FOC\test.h(6): warning:  #1-D: last line of file ends without a newline
  #endif
..\FOC\lowpass_filter.c: 1 warning, 0 errors
compiling MagneticSensorI2C.c...
..\FOC\test.h(6): warning:  #1-D: last line of file ends without a newline
  #endif
..\FOC\MagneticSensorI2C.c: 1 warning, 0 errors
compiling mydelay.c...
..\FOC\test.h(6): warning:  #1-D: last line of file ends without a newline
  #endif
..\FOC\mydelay.c(49): warning:  #177-D: variable "Count"  was declared but never referenced
                uint32_t Count = 0;
..\FOC\mydelay.c(67): warning:  #177-D: variable "Count"  was declared but never referenced
                uint32_t Count = 0;
..\FOC\mydelay.c: 3 warnings, 0 errors
compiling pid.c...
..\FOC\test.h(6): warning:  #1-D: last line of file ends without a newline
  #endif
..\FOC\pid.c: 1 warning, 0 errors
compiling protocol.c...
..\FOC\test.h(6): warning:  #1-D: last line of file ends without a newline
  #endif
..\FOC\protocol.c: 1 warning, 0 errors
compiling calibration.c...
..\FOC\test.h(6): warning:  #1-D: last line of file ends without a newline
  #endif
..\FOC\calibration.c(109): warning:  #177-D: variable "raw_offset"  was declared but never referenced
        static int raw_offset;
..\FOC\calibration.c(110): warning:  #177-D: variable "sample_count"  was declared but never referenced
        static int sample_count;
..\FOC\calibration.c(111): warning:  #177-D: variable "next_sample_time"  was declared but never referenced
        static float next_sample_time;
..\FOC\calibration.c(112): warning:  #177-D: variable "theta_ref"  was declared but never referenced
        static float theta_ref;
..\FOC\calibration.c(113): warning:  #177-D: variable "start_count"  was declared but never referenced
        static float start_count;
..\FOC\calibration.c(114): warning:  #177-D: variable "end_count"  was declared but never referenced
        static float end_count;
..\FOC\calibration.c(46): warning:  #177-D: function "data_to_int"  was declared but never referenced
  static inline int data_to_int(uint8_t *data)
..\FOC\calibration.c(62): warning:  #177-D: function "data_to_float"  was declared but never referenced
  static inline float data_to_float(uint8_t *data)
..\FOC\calibration.c(27): warning:  #550-D: variable "p_error_arr"  was set but never used
  static int *p_error_arr = 0;
..\FOC\calibration.c: 10 warnings, 0 errors
compiling MagneticSensorI2C2.c...
..\FOC\test.h(6): warning:  #1-D: last line of file ends without a newline
  #endif
..\FOC\MagneticSensorI2C2.c: 1 warning, 0 errors
linking...
stm32f407zgt6ADC\stm32f407zgt6ADC.axf: Warning: L6304W: Duplicate input file stm32f407zgt6adc\dma_1.o ignored.
Program Size: Code=25948 RO-data=2668 RW-data=316 ZI-data=2300  
Finished: 0 information, 1 warning and 0 error messages.
"stm32f407zgt6ADC\stm32f407zgt6ADC.axf" - 0 Error(s), 36 Warning(s).

<h2>Software Packages used:</h2>

Package Vendor: ARM
                http://www.keil.com/pack/ARM.CMSIS.5.4.0.pack
                ARM.CMSIS.5.4.0
                CMSIS (Cortex Microcontroller Software Interface Standard)
   * Component: CORE Version: 5.1.2

Package Vendor: Keil
                http://www.keil.com/pack/Keil.STM32F4xx_DFP.2.12.0.pack
                Keil.STM32F4xx_DFP.2.12.0
                STMicroelectronics STM32F4 Series Device Support, Drivers and Examples

<h2>Collection of Component include folders:</h2>
  .\RTE\_stm32f407zgt6ADC
  D:\KeilUvision5MDK\keil526\ARM\PACK\ARM\CMSIS\5.4.0\CMSIS\Core\Include
  D:\KeilUvision5MDK\keil526\ARM\PACK\Keil\STM32F4xx_DFP\2.12.0\Drivers\CMSIS\Device\ST\STM32F4xx\Include

<h2>Collection of Component Files used:</h2>

   * Component: ARM::CMSIS:CORE:5.1.2
Build Time Elapsed:  00:00:34
</pre>
</body>
</html>
